22:23:56 **** Incremental Build of configuration Debug for project Ej0_blinky ****
make -j4 all 
arm-none-eabi-gcc "../Src/main.c" -mcpu=cortex-m4 -std=gnu11 -g3 -DDEBUG -DSTM32 -DSTM32F429ZITx -DSTM32F4 -DNUCLEO_F429ZI -DUSE_HAL_DRIVER -DSTM32F429xx -c -I../Inc -I"/home/luis/Embebidos/ProgramacionMicrocontrolador/PdM_workspace/Ej0_blinky/Drivers/STM32F4xx_HAL_Driver/Inc" -I"/home/luis/Embebidos/ProgramacionMicrocontrolador/PdM_workspace/Ej0_blinky/Drivers/CMSIS/Include" -I"/home/luis/Embebidos/ProgramacionMicrocontrolador/PdM_workspace/Ej0_blinky/Drivers/CMSIS/Device/ST/STM32F4xx/Include" -I"/home/luis/Embebidos/ProgramacionMicrocontrolador/PdM_workspace/Ej0_blinky/Drivers/BSP/STM32F4xx_Nucleo_144" -I"/home/luis/Embebidos/ProgramacionMicrocontrolador/PdM_workspace/Ej0_blinky/Drivers/Core/Inc" -O0 -ffunction-sections -fdata-sections -Wall -fstack-usage -MMD -MP -MF"Src/main.d" -MT"Src/main.o" --specs=nano.specs -mfpu=fpv4-sp-d16 -mfloat-abi=hard -mthumb -o "Src/main.o"
../Src/main.c: In function 'main':
../Src/main.c:78:7: warning: unused variable 'cont' [-Wunused-variable]
   78 |   int cont=0;
      |       ^~~~
../Src/main.c:77:7: warning: unused variable 'secuencia' [-Wunused-variable]
   77 |   int secuencia=0;
      |       ^~~~~~~~~
arm-none-eabi-gcc -o "Ej0_blinky.elf" @"objects.list"   -mcpu=cortex-m4 -T"/home/luis/Embebidos/ProgramacionMicrocontrolador/PdM_workspace/Ej0_blinky/STM32F429ZITX_FLASH.ld" --specs=nosys.specs -Wl,-Map="Ej0_blinky.map" -Wl,--gc-sections -static --specs=nano.specs -mfpu=fpv4-sp-d16 -mfloat-abi=hard -mthumb -Wl,--start-group -lc -lm -Wl,--end-group
Finished building target: Ej0_blinky.elf
 
arm-none-eabi-size   Ej0_blinky.elf 
arm-none-eabi-objdump -h -S  Ej0_blinky.elf  > "Ej0_blinky.list"
arm-none-eabi-objcopy  -O binary  Ej0_blinky.elf  "Ej0_blinky.bin"
   text	   data	    bss	    dec	    hex	filename
   6436	     36	   1572	   8044	   1f6c	Ej0_blinky.elf
Finished building: default.size.stdout
 
Finished building: Ej0_blinky.bin
 
Finished building: Ej0_blinky.list
 

22:23:57 Build Finished. 0 errors, 2 warnings. (took 1s.147ms)

