18:08:11 **** Incremental Build of configuration Debug for project Práctica_1 ****
make -j4 all 
arm-none-eabi-size   Práctica_1.elf 
   text	   data	    bss	    dec	    hex	filename
   6316	     36	   1572	   7924	   1ef4	Práctica_1.elf
Finished building: default.size.stdout
 
18:08:38 **** Incremental Build of configuration Debug for project Práctica_1 ****
make -j4 all 
arm-none-eabi-size   Práctica_1.elf 
   text	   data	    bss	    dec	    hex	filename
   6316	     36	   1572	   7924	   1ef4	Práctica_1.elf
Finished building: default.size.stdout
 
18:11:54 **** Incremental Build of configuration Debug for project Práctica_1 ****
make -j4 all 
arm-none-eabi-size   Práctica_1.elf 
   text	   data	    bss	    dec	    hex	filename
   6316	     36	   1572	   7924	   1ef4	Práctica_1.elf
Finished building: default.size.stdout
 
18:12:24 **** Incremental Build of configuration Debug for project Práctica_1 ****
make -j4 all 
arm-none-eabi-size   Práctica_1.elf 
   text	   data	    bss	    dec	    hex	filename
   6316	     36	   1572	   7924	   1ef4	Práctica_1.elf
Finished building: default.size.stdout
 
18:17:04 **** Incremental Build of configuration Debug for project Práctica_1 ****
make -j4 all 
arm-none-eabi-gcc "../Src/main.c" -mcpu=cortex-m4 -std=gnu11 -g3 -DDEBUG -DSTM32 -DSTM32F429ZITx -DSTM32F4 -DNUCLEO_F429ZI -DUSE_HAL_DRIVER -DSTM32F429xx -c -I../Inc -I"/home/luis/Embebidos/ProgramacionMicrocontrolador/PdM_workspace/Práctica_1/Drivers/STM32F4xx_HAL_Driver/Inc" -I"/home/luis/Embebidos/ProgramacionMicrocontrolador/PdM_workspace/Práctica_1/Drivers/CMSIS/Include" -I"/home/luis/Embebidos/ProgramacionMicrocontrolador/PdM_workspace/Práctica_1/Drivers/CMSIS/Device/ST/STM32F4xx/Include" -I"/home/luis/Embebidos/ProgramacionMicrocontrolador/PdM_workspace/Práctica_1/Drivers/BSP/STM32F4xx_Nucleo_144" -I"/home/luis/Embebidos/ProgramacionMicrocontrolador/PdM_workspace/Práctica_1/Drivers/Core/Inc" -O0 -ffunction-sections -fdata-sections -Wall -fstack-usage -MMD -MP -MF"Src/main.d" -MT"Src/main.o" --specs=nano.specs -mfpu=fpv4-sp-d16 -mfloat-abi=hard -mthumb -o "Src/main.o"
arm-none-eabi-gcc -o "Práctica_1.elf" @"objects.list"   -mcpu=cortex-m4 -T"/home/luis/Embebidos/ProgramacionMicrocontrolador/PdM_workspace/Práctica_1/STM32F429ZITX_FLASH.ld" --specs=nosys.specs -Wl,-Map="Práctica_1.map" -Wl,--gc-sections -static --specs=nano.specs -mfpu=fpv4-sp-d16 -mfloat-abi=hard -mthumb -Wl,--start-group -lc -lm -Wl,--end-group
Finished building target: Práctica_1.elf
 
arm-none-eabi-size   Práctica_1.elf 
arm-none-eabi-objdump -h -S  Práctica_1.elf  > "Práctica_1.list"
arm-none-eabi-objcopy  -O binary  Práctica_1.elf  "Práctica_1.bin"
   text	   data	    bss	    dec	    hex	filename
   6428	     36	   1572	   8036	   1f64	Práctica_1.elf
Finished building: default.size.stdout
 
Finished building: Práctica_1.bin
 
Finished building: Práctica_1.list
 
18:18:06 **** Incremental Build of configuration Debug for project Práctica_1 ****
make -j4 all 
arm-none-eabi-gcc "../Src/API_delay.c" -mcpu=cortex-m4 -std=gnu11 -g3 -DDEBUG -DSTM32 -DSTM32F429ZITx -DSTM32F4 -DNUCLEO_F429ZI -DUSE_HAL_DRIVER -DSTM32F429xx -c -I../Inc -I"/home/luis/Embebidos/ProgramacionMicrocontrolador/PdM_workspace/Práctica_1/Drivers/STM32F4xx_HAL_Driver/Inc" -I"/home/luis/Embebidos/ProgramacionMicrocontrolador/PdM_workspace/Práctica_1/Drivers/CMSIS/Include" -I"/home/luis/Embebidos/ProgramacionMicrocontrolador/PdM_workspace/Práctica_1/Drivers/CMSIS/Device/ST/STM32F4xx/Include" -I"/home/luis/Embebidos/ProgramacionMicrocontrolador/PdM_workspace/Práctica_1/Drivers/BSP/STM32F4xx_Nucleo_144" -I"/home/luis/Embebidos/ProgramacionMicrocontrolador/PdM_workspace/Práctica_1/Drivers/Core/Inc" -O0 -ffunction-sections -fdata-sections -Wall -fstack-usage -MMD -MP -MF"Src/API_delay.d" -MT"Src/API_delay.o" --specs=nano.specs -mfpu=fpv4-sp-d16 -mfloat-abi=hard -mthumb -o "Src/API_delay.o"
arm-none-eabi-gcc -o "Práctica_1.elf" @"objects.list"   -mcpu=cortex-m4 -T"/home/luis/Embebidos/ProgramacionMicrocontrolador/PdM_workspace/Práctica_1/STM32F429ZITX_FLASH.ld" --specs=nosys.specs -Wl,-Map="Práctica_1.map" -Wl,--gc-sections -static --specs=nano.specs -mfpu=fpv4-sp-d16 -mfloat-abi=hard -mthumb -Wl,--start-group -lc -lm -Wl,--end-group
Finished building target: Práctica_1.elf
 
arm-none-eabi-size   Práctica_1.elf 
arm-none-eabi-objdump -h -S  Práctica_1.elf  > "Práctica_1.list"
arm-none-eabi-objcopy  -O binary  Práctica_1.elf  "Práctica_1.bin"
   text	   data	    bss	    dec	    hex	filename
   6428	     36	   1572	   8036	   1f64	Práctica_1.elf
Finished building: default.size.stdout
 
Finished building: Práctica_1.bin
 
Finished building: Práctica_1.list
 
18:18:42 **** Incremental Build of configuration Debug for project Práctica_1 ****
make -j4 all 
arm-none-eabi-gcc "../Src/API_delay.c" -mcpu=cortex-m4 -std=gnu11 -g3 -DDEBUG -DSTM32 -DSTM32F429ZITx -DSTM32F4 -DNUCLEO_F429ZI -DUSE_HAL_DRIVER -DSTM32F429xx -c -I../Inc -I"/home/luis/Embebidos/ProgramacionMicrocontrolador/PdM_workspace/Práctica_1/Drivers/STM32F4xx_HAL_Driver/Inc" -I"/home/luis/Embebidos/ProgramacionMicrocontrolador/PdM_workspace/Práctica_1/Drivers/CMSIS/Include" -I"/home/luis/Embebidos/ProgramacionMicrocontrolador/PdM_workspace/Práctica_1/Drivers/CMSIS/Device/ST/STM32F4xx/Include" -I"/home/luis/Embebidos/ProgramacionMicrocontrolador/PdM_workspace/Práctica_1/Drivers/BSP/STM32F4xx_Nucleo_144" -I"/home/luis/Embebidos/ProgramacionMicrocontrolador/PdM_workspace/Práctica_1/Drivers/Core/Inc" -O0 -ffunction-sections -fdata-sections -Wall -fstack-usage -MMD -MP -MF"Src/API_delay.d" -MT"Src/API_delay.o" --specs=nano.specs -mfpu=fpv4-sp-d16 -mfloat-abi=hard -mthumb -o "Src/API_delay.o"
../Src/API_delay.c: In function 'delayRead':
../Src/API_delay.c:16:26: warning: implicit declaration of function 'HAL_GetTick' [-Wimplicit-function-declaration]
   16 |      {delay->startTime = HAL_GetTick();
      |                          ^~~~~~~~~~~
arm-none-eabi-gcc -o "Práctica_1.elf" @"objects.list"   -mcpu=cortex-m4 -T"/home/luis/Embebidos/ProgramacionMicrocontrolador/PdM_workspace/Práctica_1/STM32F429ZITX_FLASH.ld" --specs=nosys.specs -Wl,-Map="Práctica_1.map" -Wl,--gc-sections -static --specs=nano.specs -mfpu=fpv4-sp-d16 -mfloat-abi=hard -mthumb -Wl,--start-group -lc -lm -Wl,--end-group
Finished building target: Práctica_1.elf
 
arm-none-eabi-size   Práctica_1.elf 
arm-none-eabi-objdump -h -S  Práctica_1.elf  > "Práctica_1.list"
arm-none-eabi-objcopy  -O binary  Práctica_1.elf  "Práctica_1.bin"
   text	   data	    bss	    dec	    hex	filename
   6428	     36	   1572	   8036	   1f64	Práctica_1.elf
Finished building: default.size.stdout
 
Finished building: Práctica_1.bin
 
Finished building: Práctica_1.list
 
18:20:15 **** Incremental Build of configuration Debug for project Práctica_1 ****
make -j4 all 
arm-none-eabi-gcc "../Src/API_delay.c" -mcpu=cortex-m4 -std=gnu11 -g3 -DDEBUG -DSTM32 -DSTM32F429ZITx -DSTM32F4 -DNUCLEO_F429ZI -DUSE_HAL_DRIVER -DSTM32F429xx -c -I../Inc -I"/home/luis/Embebidos/ProgramacionMicrocontrolador/PdM_workspace/Práctica_1/Drivers/STM32F4xx_HAL_Driver/Inc" -I"/home/luis/Embebidos/ProgramacionMicrocontrolador/PdM_workspace/Práctica_1/Drivers/CMSIS/Include" -I"/home/luis/Embebidos/ProgramacionMicrocontrolador/PdM_workspace/Práctica_1/Drivers/CMSIS/Device/ST/STM32F4xx/Include" -I"/home/luis/Embebidos/ProgramacionMicrocontrolador/PdM_workspace/Práctica_1/Drivers/BSP/STM32F4xx_Nucleo_144" -I"/home/luis/Embebidos/ProgramacionMicrocontrolador/PdM_workspace/Práctica_1/Drivers/Core/Inc" -O0 -ffunction-sections -fdata-sections -Wall -fstack-usage -MMD -MP -MF"Src/API_delay.d" -MT"Src/API_delay.o" --specs=nano.specs -mfpu=fpv4-sp-d16 -mfloat-abi=hard -mthumb -o "Src/API_delay.o"
arm-none-eabi-gcc "../Src/main.c" -mcpu=cortex-m4 -std=gnu11 -g3 -DDEBUG -DSTM32 -DSTM32F429ZITx -DSTM32F4 -DNUCLEO_F429ZI -DUSE_HAL_DRIVER -DSTM32F429xx -c -I../Inc -I"/home/luis/Embebidos/ProgramacionMicrocontrolador/PdM_workspace/Práctica_1/Drivers/STM32F4xx_HAL_Driver/Inc" -I"/home/luis/Embebidos/ProgramacionMicrocontrolador/PdM_workspace/Práctica_1/Drivers/CMSIS/Include" -I"/home/luis/Embebidos/ProgramacionMicrocontrolador/PdM_workspace/Práctica_1/Drivers/CMSIS/Device/ST/STM32F4xx/Include" -I"/home/luis/Embebidos/ProgramacionMicrocontrolador/PdM_workspace/Práctica_1/Drivers/BSP/STM32F4xx_Nucleo_144" -I"/home/luis/Embebidos/ProgramacionMicrocontrolador/PdM_workspace/Práctica_1/Drivers/Core/Inc" -O0 -ffunction-sections -fdata-sections -Wall -fstack-usage -MMD -MP -MF"Src/main.d" -MT"Src/main.o" --specs=nano.specs -mfpu=fpv4-sp-d16 -mfloat-abi=hard -mthumb -o "Src/main.o"
arm-none-eabi-gcc -o "Práctica_1.elf" @"objects.list"   -mcpu=cortex-m4 -T"/home/luis/Embebidos/ProgramacionMicrocontrolador/PdM_workspace/Práctica_1/STM32F429ZITX_FLASH.ld" --specs=nosys.specs -Wl,-Map="Práctica_1.map" -Wl,--gc-sections -static --specs=nano.specs -mfpu=fpv4-sp-d16 -mfloat-abi=hard -mthumb -Wl,--start-group -lc -lm -Wl,--end-group
Finished building target: Práctica_1.elf
 
arm-none-eabi-size   Práctica_1.elf 
arm-none-eabi-objdump -h -S  Práctica_1.elf  > "Práctica_1.list"
arm-none-eabi-objcopy  -O binary  Práctica_1.elf  "Práctica_1.bin"
   text	   data	    bss	    dec	    hex	filename
   6428	     36	   1572	   8036	   1f64	Práctica_1.elf
Finished building: default.size.stdout
 
Finished building: Práctica_1.bin
 
Finished building: Práctica_1.list
 
18:37:29 **** Incremental Build of configuration Debug for project Práctica_1 ****
make -j4 all 
arm-none-eabi-gcc "../Src/main.c" -mcpu=cortex-m4 -std=gnu11 -g3 -DDEBUG -DSTM32 -DSTM32F429ZITx -DSTM32F4 -DNUCLEO_F429ZI -DUSE_HAL_DRIVER -DSTM32F429xx -c -I../Inc -I"/home/luis/Embebidos/ProgramacionMicrocontrolador/PdM_workspace/Práctica_1/Drivers/STM32F4xx_HAL_Driver/Inc" -I"/home/luis/Embebidos/ProgramacionMicrocontrolador/PdM_workspace/Práctica_1/Drivers/CMSIS/Include" -I"/home/luis/Embebidos/ProgramacionMicrocontrolador/PdM_workspace/Práctica_1/Drivers/CMSIS/Device/ST/STM32F4xx/Include" -I"/home/luis/Embebidos/ProgramacionMicrocontrolador/PdM_workspace/Práctica_1/Drivers/BSP/STM32F4xx_Nucleo_144" -I"/home/luis/Embebidos/ProgramacionMicrocontrolador/PdM_workspace/Práctica_1/Drivers/Core/Inc" -O0 -ffunction-sections -fdata-sections -Wall -fstack-usage -MMD -MP -MF"Src/main.d" -MT"Src/main.o" --specs=nano.specs -mfpu=fpv4-sp-d16 -mfloat-abi=hard -mthumb -o "Src/main.o"
../Src/main.c: In function 'main':
../Src/main.c:81:14: error: expected expression before 'delay_t'
   81 |   delayInit( delay_t * delay, retardo );
      |              ^~~~~~~
../Src/main.c:81:3: error: too few arguments to function 'delayInit'
   81 |   delayInit( delay_t * delay, retardo );
      |   ^~~~~~~~~
In file included from ../Src/main.c:24:
../Inc/API_delay.h:25:6: note: declared here
   25 | void delayInit( delay_t * delay, tick_t duration );
      |      ^~~~~~~~~
../Src/main.c:86:18: error: expected expression before 'delay_t'
   86 |    if(delayRead( delay_t *delay ))
      |                  ^~~~~~~
../Src/main.c:79:10: warning: unused variable 'retardo' [-Wunused-variable]
   79 |   tick_t retardo=500;
      |          ^~~~~~~
../Src/main.c:78:12: warning: unused variable 'delay' [-Wunused-variable]
   78 |   delay_t *delay;
      |            ^~~~~
make: *** [Src/subdir.mk:22: Src/main.o] Error 1
"make -j4 all" terminated with exit code 2. Build might be incomplete.
18:39:00 **** Incremental Build of configuration Debug for project Práctica_1 ****
make -j4 all 
arm-none-eabi-gcc "../Src/main.c" -mcpu=cortex-m4 -std=gnu11 -g3 -DDEBUG -DSTM32 -DSTM32F429ZITx -DSTM32F4 -DNUCLEO_F429ZI -DUSE_HAL_DRIVER -DSTM32F429xx -c -I../Inc -I"/home/luis/Embebidos/ProgramacionMicrocontrolador/PdM_workspace/Práctica_1/Drivers/STM32F4xx_HAL_Driver/Inc" -I"/home/luis/Embebidos/ProgramacionMicrocontrolador/PdM_workspace/Práctica_1/Drivers/CMSIS/Include" -I"/home/luis/Embebidos/ProgramacionMicrocontrolador/PdM_workspace/Práctica_1/Drivers/CMSIS/Device/ST/STM32F4xx/Include" -I"/home/luis/Embebidos/ProgramacionMicrocontrolador/PdM_workspace/Práctica_1/Drivers/BSP/STM32F4xx_Nucleo_144" -I"/home/luis/Embebidos/ProgramacionMicrocontrolador/PdM_workspace/Práctica_1/Drivers/Core/Inc" -O0 -ffunction-sections -fdata-sections -Wall -fstack-usage -MMD -MP -MF"Src/main.d" -MT"Src/main.o" --specs=nano.specs -mfpu=fpv4-sp-d16 -mfloat-abi=hard -mthumb -o "Src/main.o"
../Src/main.c: In function 'main':
../Src/main.c:81:13: error: incompatible type for argument 1 of 'delayInit'
   81 |   delayInit(*delay, retardo );
      |             ^~~~~~
      |             |
      |             delay_t {aka struct <anonymous>}
In file included from ../Src/main.c:24:
../Inc/API_delay.h:25:27: note: expected 'delay_t *' {aka 'struct <anonymous> *'} but argument is of type 'delay_t' {aka 'struct <anonymous>'}
   25 | void delayInit( delay_t * delay, tick_t duration );
      |                 ~~~~~~~~~~^~~~~
../Src/main.c:86:17: error: incompatible type for argument 1 of 'delayRead'
   86 |    if(delayRead(*delay ))
      |                 ^~~~~~
      |                 |
      |                 delay_t {aka struct <anonymous>}
In file included from ../Src/main.c:24:
../Inc/API_delay.h:26:29: note: expected 'delay_t *' {aka 'struct <anonymous> *'} but argument is of type 'delay_t' {aka 'struct <anonymous>'}
   26 | bool_t delayRead( delay_t * delay );
      |                   ~~~~~~~~~~^~~~~
make: *** [Src/subdir.mk:22: Src/main.o] Error 1
"make -j4 all" terminated with exit code 2. Build might be incomplete.
18:39:25 **** Incremental Build of configuration Debug for project Práctica_1 ****
make -j4 all 
arm-none-eabi-gcc "../Src/main.c" -mcpu=cortex-m4 -std=gnu11 -g3 -DDEBUG -DSTM32 -DSTM32F429ZITx -DSTM32F4 -DNUCLEO_F429ZI -DUSE_HAL_DRIVER -DSTM32F429xx -c -I../Inc -I"/home/luis/Embebidos/ProgramacionMicrocontrolador/PdM_workspace/Práctica_1/Drivers/STM32F4xx_HAL_Driver/Inc" -I"/home/luis/Embebidos/ProgramacionMicrocontrolador/PdM_workspace/Práctica_1/Drivers/CMSIS/Include" -I"/home/luis/Embebidos/ProgramacionMicrocontrolador/PdM_workspace/Práctica_1/Drivers/CMSIS/Device/ST/STM32F4xx/Include" -I"/home/luis/Embebidos/ProgramacionMicrocontrolador/PdM_workspace/Práctica_1/Drivers/BSP/STM32F4xx_Nucleo_144" -I"/home/luis/Embebidos/ProgramacionMicrocontrolador/PdM_workspace/Práctica_1/Drivers/Core/Inc" -O0 -ffunction-sections -fdata-sections -Wall -fstack-usage -MMD -MP -MF"Src/main.d" -MT"Src/main.o" --specs=nano.specs -mfpu=fpv4-sp-d16 -mfloat-abi=hard -mthumb -o "Src/main.o"
../Src/main.c: In function 'main':
../Src/main.c:81:13: warning: passing argument 1 of 'delayInit' from incompatible pointer type [-Wincompatible-pointer-types]
   81 |   delayInit(&delay, retardo );
      |             ^~~~~~
      |             |
      |             delay_t ** {aka struct <anonymous> **}
In file included from ../Src/main.c:24:
../Inc/API_delay.h:25:27: note: expected 'delay_t *' {aka 'struct <anonymous> *'} but argument is of type 'delay_t **' {aka 'struct <anonymous> **'}
   25 | void delayInit( delay_t * delay, tick_t duration );
      |                 ~~~~~~~~~~^~~~~
../Src/main.c:86:17: error: incompatible type for argument 1 of 'delayRead'
   86 |    if(delayRead(*delay ))
      |                 ^~~~~~
      |                 |
      |                 delay_t {aka struct <anonymous>}
In file included from ../Src/main.c:24:
../Inc/API_delay.h:26:29: note: expected 'delay_t *' {aka 'struct <anonymous> *'} but argument is of type 'delay_t' {aka 'struct <anonymous>'}
   26 | bool_t delayRead( delay_t * delay );
      |                   ~~~~~~~~~~^~~~~
make: *** [Src/subdir.mk:22: Src/main.o] Error 1
"make -j4 all" terminated with exit code 2. Build might be incomplete.
18:39:39 **** Incremental Build of configuration Debug for project Práctica_1 ****
make -j4 all 
arm-none-eabi-gcc "../Src/main.c" -mcpu=cortex-m4 -std=gnu11 -g3 -DDEBUG -DSTM32 -DSTM32F429ZITx -DSTM32F4 -DNUCLEO_F429ZI -DUSE_HAL_DRIVER -DSTM32F429xx -c -I../Inc -I"/home/luis/Embebidos/ProgramacionMicrocontrolador/PdM_workspace/Práctica_1/Drivers/STM32F4xx_HAL_Driver/Inc" -I"/home/luis/Embebidos/ProgramacionMicrocontrolador/PdM_workspace/Práctica_1/Drivers/CMSIS/Include" -I"/home/luis/Embebidos/ProgramacionMicrocontrolador/PdM_workspace/Práctica_1/Drivers/CMSIS/Device/ST/STM32F4xx/Include" -I"/home/luis/Embebidos/ProgramacionMicrocontrolador/PdM_workspace/Práctica_1/Drivers/BSP/STM32F4xx_Nucleo_144" -I"/home/luis/Embebidos/ProgramacionMicrocontrolador/PdM_workspace/Práctica_1/Drivers/Core/Inc" -O0 -ffunction-sections -fdata-sections -Wall -fstack-usage -MMD -MP -MF"Src/main.d" -MT"Src/main.o" --specs=nano.specs -mfpu=fpv4-sp-d16 -mfloat-abi=hard -mthumb -o "Src/main.o"
../Src/main.c: In function 'main':
../Src/main.c:81:13: warning: passing argument 1 of 'delayInit' from incompatible pointer type [-Wincompatible-pointer-types]
   81 |   delayInit(&delay, retardo );
      |             ^~~~~~
      |             |
      |             delay_t ** {aka struct <anonymous> **}
In file included from ../Src/main.c:24:
../Inc/API_delay.h:25:27: note: expected 'delay_t *' {aka 'struct <anonymous> *'} but argument is of type 'delay_t **' {aka 'struct <anonymous> **'}
   25 | void delayInit( delay_t * delay, tick_t duration );
      |                 ~~~~~~~~~~^~~~~
../Src/main.c:86:17: warning: passing argument 1 of 'delayRead' from incompatible pointer type [-Wincompatible-pointer-types]
   86 |    if(delayRead(&delay))
      |                 ^~~~~~
      |                 |
      |                 delay_t ** {aka struct <anonymous> **}
In file included from ../Src/main.c:24:
../Inc/API_delay.h:26:29: note: expected 'delay_t *' {aka 'struct <anonymous> *'} but argument is of type 'delay_t **' {aka 'struct <anonymous> **'}
   26 | bool_t delayRead( delay_t * delay );
      |                   ~~~~~~~~~~^~~~~
arm-none-eabi-gcc -o "Práctica_1.elf" @"objects.list"   -mcpu=cortex-m4 -T"/home/luis/Embebidos/ProgramacionMicrocontrolador/PdM_workspace/Práctica_1/STM32F429ZITX_FLASH.ld" --specs=nosys.specs -Wl,-Map="Práctica_1.map" -Wl,--gc-sections -static --specs=nano.specs -mfpu=fpv4-sp-d16 -mfloat-abi=hard -mthumb -Wl,--start-group -lc -lm -Wl,--end-group
Finished building target: Práctica_1.elf
 
arm-none-eabi-size   Práctica_1.elf 
arm-none-eabi-objdump -h -S  Práctica_1.elf  > "Práctica_1.list"
arm-none-eabi-objcopy  -O binary  Práctica_1.elf  "Práctica_1.bin"
   text	   data	    bss	    dec	    hex	filename
   6488	     36	   1572	   8096	   1fa0	Práctica_1.elf
Finished building: default.size.stdout
 
Finished building: Práctica_1.bin
 
Finished building: Práctica_1.list
 
18:40:45 **** Incremental Build of configuration Debug for project Práctica_1 ****
make -j4 all 
arm-none-eabi-gcc "../Src/main.c" -mcpu=cortex-m4 -std=gnu11 -g3 -DDEBUG -DSTM32 -DSTM32F429ZITx -DSTM32F4 -DNUCLEO_F429ZI -DUSE_HAL_DRIVER -DSTM32F429xx -c -I../Inc -I"/home/luis/Embebidos/ProgramacionMicrocontrolador/PdM_workspace/Práctica_1/Drivers/STM32F4xx_HAL_Driver/Inc" -I"/home/luis/Embebidos/ProgramacionMicrocontrolador/PdM_workspace/Práctica_1/Drivers/CMSIS/Include" -I"/home/luis/Embebidos/ProgramacionMicrocontrolador/PdM_workspace/Práctica_1/Drivers/CMSIS/Device/ST/STM32F4xx/Include" -I"/home/luis/Embebidos/ProgramacionMicrocontrolador/PdM_workspace/Práctica_1/Drivers/BSP/STM32F4xx_Nucleo_144" -I"/home/luis/Embebidos/ProgramacionMicrocontrolador/PdM_workspace/Práctica_1/Drivers/Core/Inc" -O0 -ffunction-sections -fdata-sections -Wall -fstack-usage -MMD -MP -MF"Src/main.d" -MT"Src/main.o" --specs=nano.specs -mfpu=fpv4-sp-d16 -mfloat-abi=hard -mthumb -o "Src/main.o"
../Src/main.c: In function 'main':
../Src/main.c:81:13: error: invalid type argument of unary '*' (have 'delay_t' {aka 'struct <anonymous>'})
   81 |   delayInit(*delay, retardo );
      |             ^~~~~~
../Src/main.c:86:17: error: invalid type argument of unary '*' (have 'delay_t' {aka 'struct <anonymous>'})
   86 |    if(delayRead(*delay))
      |                 ^~~~~~
make: *** [Src/subdir.mk:22: Src/main.o] Error 1
"make -j4 all" terminated with exit code 2. Build might be incomplete.
18:41:28 **** Incremental Build of configuration Debug for project Práctica_1 ****
make -j4 all 
arm-none-eabi-gcc "../Src/main.c" -mcpu=cortex-m4 -std=gnu11 -g3 -DDEBUG -DSTM32 -DSTM32F429ZITx -DSTM32F4 -DNUCLEO_F429ZI -DUSE_HAL_DRIVER -DSTM32F429xx -c -I../Inc -I"/home/luis/Embebidos/ProgramacionMicrocontrolador/PdM_workspace/Práctica_1/Drivers/STM32F4xx_HAL_Driver/Inc" -I"/home/luis/Embebidos/ProgramacionMicrocontrolador/PdM_workspace/Práctica_1/Drivers/CMSIS/Include" -I"/home/luis/Embebidos/ProgramacionMicrocontrolador/PdM_workspace/Práctica_1/Drivers/CMSIS/Device/ST/STM32F4xx/Include" -I"/home/luis/Embebidos/ProgramacionMicrocontrolador/PdM_workspace/Práctica_1/Drivers/BSP/STM32F4xx_Nucleo_144" -I"/home/luis/Embebidos/ProgramacionMicrocontrolador/PdM_workspace/Práctica_1/Drivers/Core/Inc" -O0 -ffunction-sections -fdata-sections -Wall -fstack-usage -MMD -MP -MF"Src/main.d" -MT"Src/main.o" --specs=nano.specs -mfpu=fpv4-sp-d16 -mfloat-abi=hard -mthumb -o "Src/main.o"
arm-none-eabi-gcc -o "Práctica_1.elf" @"objects.list"   -mcpu=cortex-m4 -T"/home/luis/Embebidos/ProgramacionMicrocontrolador/PdM_workspace/Práctica_1/STM32F429ZITX_FLASH.ld" --specs=nosys.specs -Wl,-Map="Práctica_1.map" -Wl,--gc-sections -static --specs=nano.specs -mfpu=fpv4-sp-d16 -mfloat-abi=hard -mthumb -Wl,--start-group -lc -lm -Wl,--end-group
Finished building target: Práctica_1.elf
 
arm-none-eabi-size   Práctica_1.elf 
arm-none-eabi-objdump -h -S  Práctica_1.elf  > "Práctica_1.list"
arm-none-eabi-objcopy  -O binary  Práctica_1.elf  "Práctica_1.bin"
   text	   data	    bss	    dec	    hex	filename
   6488	     36	   1572	   8096	   1fa0	Práctica_1.elf
Finished building: default.size.stdout
 
Finished building: Práctica_1.bin
 
Finished building: Práctica_1.list
 
18:42:04 **** Incremental Build of configuration Debug for project Práctica_1 ****
make -j4 all 
arm-none-eabi-gcc "../Src/main.c" -mcpu=cortex-m4 -std=gnu11 -g3 -DDEBUG -DSTM32 -DSTM32F429ZITx -DSTM32F4 -DNUCLEO_F429ZI -DUSE_HAL_DRIVER -DSTM32F429xx -c -I../Inc -I"/home/luis/Embebidos/ProgramacionMicrocontrolador/PdM_workspace/Práctica_1/Drivers/STM32F4xx_HAL_Driver/Inc" -I"/home/luis/Embebidos/ProgramacionMicrocontrolador/PdM_workspace/Práctica_1/Drivers/CMSIS/Include" -I"/home/luis/Embebidos/ProgramacionMicrocontrolador/PdM_workspace/Práctica_1/Drivers/CMSIS/Device/ST/STM32F4xx/Include" -I"/home/luis/Embebidos/ProgramacionMicrocontrolador/PdM_workspace/Práctica_1/Drivers/BSP/STM32F4xx_Nucleo_144" -I"/home/luis/Embebidos/ProgramacionMicrocontrolador/PdM_workspace/Práctica_1/Drivers/Core/Inc" -O0 -ffunction-sections -fdata-sections -Wall -fstack-usage -MMD -MP -MF"Src/main.d" -MT"Src/main.o" --specs=nano.specs -mfpu=fpv4-sp-d16 -mfloat-abi=hard -mthumb -o "Src/main.o"
arm-none-eabi-gcc -o "Práctica_1.elf" @"objects.list"   -mcpu=cortex-m4 -T"/home/luis/Embebidos/ProgramacionMicrocontrolador/PdM_workspace/Práctica_1/STM32F429ZITX_FLASH.ld" --specs=nosys.specs -Wl,-Map="Práctica_1.map" -Wl,--gc-sections -static --specs=nano.specs -mfpu=fpv4-sp-d16 -mfloat-abi=hard -mthumb -Wl,--start-group -lc -lm -Wl,--end-group
Finished building target: Práctica_1.elf
 
arm-none-eabi-size   Práctica_1.elf 
arm-none-eabi-objdump -h -S  Práctica_1.elf  > "Práctica_1.list"
arm-none-eabi-objcopy  -O binary  Práctica_1.elf  "Práctica_1.bin"
   text	   data	    bss	    dec	    hex	filename
   6596	     36	   1572	   8204	   200c	Práctica_1.elf
Finished building: default.size.stdout
 
Finished building: Práctica_1.bin
 
Finished building: Práctica_1.list
 
18:43:28 **** Incremental Build of configuration Debug for project Práctica_1 ****
make -j4 all 
arm-none-eabi-gcc "../Src/main.c" -mcpu=cortex-m4 -std=gnu11 -g3 -DDEBUG -DSTM32 -DSTM32F429ZITx -DSTM32F4 -DNUCLEO_F429ZI -DUSE_HAL_DRIVER -DSTM32F429xx -c -I../Inc -I"/home/luis/Embebidos/ProgramacionMicrocontrolador/PdM_workspace/Práctica_1/Drivers/STM32F4xx_HAL_Driver/Inc" -I"/home/luis/Embebidos/ProgramacionMicrocontrolador/PdM_workspace/Práctica_1/Drivers/CMSIS/Include" -I"/home/luis/Embebidos/ProgramacionMicrocontrolador/PdM_workspace/Práctica_1/Drivers/CMSIS/Device/ST/STM32F4xx/Include" -I"/home/luis/Embebidos/ProgramacionMicrocontrolador/PdM_workspace/Práctica_1/Drivers/BSP/STM32F4xx_Nucleo_144" -I"/home/luis/Embebidos/ProgramacionMicrocontrolador/PdM_workspace/Práctica_1/Drivers/Core/Inc" -O0 -ffunction-sections -fdata-sections -Wall -fstack-usage -MMD -MP -MF"Src/main.d" -MT"Src/main.o" --specs=nano.specs -mfpu=fpv4-sp-d16 -mfloat-abi=hard -mthumb -o "Src/main.o"
arm-none-eabi-gcc -o "Práctica_1.elf" @"objects.list"   -mcpu=cortex-m4 -T"/home/luis/Embebidos/ProgramacionMicrocontrolador/PdM_workspace/Práctica_1/STM32F429ZITX_FLASH.ld" --specs=nosys.specs -Wl,-Map="Práctica_1.map" -Wl,--gc-sections -static --specs=nano.specs -mfpu=fpv4-sp-d16 -mfloat-abi=hard -mthumb -Wl,--start-group -lc -lm -Wl,--end-group
Finished building target: Práctica_1.elf
 
arm-none-eabi-size   Práctica_1.elf 
arm-none-eabi-objdump -h -S  Práctica_1.elf  > "Práctica_1.list"
arm-none-eabi-objcopy  -O binary  Práctica_1.elf  "Práctica_1.bin"
   text	   data	    bss	    dec	    hex	filename
   6656	     36	   1572	   8264	   2048	Práctica_1.elf
Finished building: default.size.stdout
 
Finished building: Práctica_1.bin
 
Finished building: Práctica_1.list
 
18:45:00 **** Incremental Build of configuration Debug for project Práctica_1 ****
make -j4 all 
arm-none-eabi-gcc "../Src/main.c" -mcpu=cortex-m4 -std=gnu11 -g3 -DDEBUG -DSTM32 -DSTM32F429ZITx -DSTM32F4 -DNUCLEO_F429ZI -DUSE_HAL_DRIVER -DSTM32F429xx -c -I../Inc -I"/home/luis/Embebidos/ProgramacionMicrocontrolador/PdM_workspace/Práctica_1/Drivers/STM32F4xx_HAL_Driver/Inc" -I"/home/luis/Embebidos/ProgramacionMicrocontrolador/PdM_workspace/Práctica_1/Drivers/CMSIS/Include" -I"/home/luis/Embebidos/ProgramacionMicrocontrolador/PdM_workspace/Práctica_1/Drivers/CMSIS/Device/ST/STM32F4xx/Include" -I"/home/luis/Embebidos/ProgramacionMicrocontrolador/PdM_workspace/Práctica_1/Drivers/BSP/STM32F4xx_Nucleo_144" -I"/home/luis/Embebidos/ProgramacionMicrocontrolador/PdM_workspace/Práctica_1/Drivers/Core/Inc" -O0 -ffunction-sections -fdata-sections -Wall -fstack-usage -MMD -MP -MF"Src/main.d" -MT"Src/main.o" --specs=nano.specs -mfpu=fpv4-sp-d16 -mfloat-abi=hard -mthumb -o "Src/main.o"
arm-none-eabi-gcc -o "Práctica_1.elf" @"objects.list"   -mcpu=cortex-m4 -T"/home/luis/Embebidos/ProgramacionMicrocontrolador/PdM_workspace/Práctica_1/STM32F429ZITX_FLASH.ld" --specs=nosys.specs -Wl,-Map="Práctica_1.map" -Wl,--gc-sections -static --specs=nano.specs -mfpu=fpv4-sp-d16 -mfloat-abi=hard -mthumb -Wl,--start-group -lc -lm -Wl,--end-group
Finished building target: Práctica_1.elf
 
arm-none-eabi-size   Práctica_1.elf 
arm-none-eabi-objdump -h -S  Práctica_1.elf  > "Práctica_1.list"
arm-none-eabi-objcopy  -O binary  Práctica_1.elf  "Práctica_1.bin"
   text	   data	    bss	    dec	    hex	filename
   6596	     36	   1572	   8204	   200c	Práctica_1.elf
Finished building: default.size.stdout
 
Finished building: Práctica_1.bin
 
Finished building: Práctica_1.list
 
18:45:16 **** Incremental Build of configuration Debug for project Práctica_1 ****
make -j4 all 
arm-none-eabi-gcc "../Src/main.c" -mcpu=cortex-m4 -std=gnu11 -g3 -DDEBUG -DSTM32 -DSTM32F429ZITx -DSTM32F4 -DNUCLEO_F429ZI -DUSE_HAL_DRIVER -DSTM32F429xx -c -I../Inc -I"/home/luis/Embebidos/ProgramacionMicrocontrolador/PdM_workspace/Práctica_1/Drivers/STM32F4xx_HAL_Driver/Inc" -I"/home/luis/Embebidos/ProgramacionMicrocontrolador/PdM_workspace/Práctica_1/Drivers/CMSIS/Include" -I"/home/luis/Embebidos/ProgramacionMicrocontrolador/PdM_workspace/Práctica_1/Drivers/CMSIS/Device/ST/STM32F4xx/Include" -I"/home/luis/Embebidos/ProgramacionMicrocontrolador/PdM_workspace/Práctica_1/Drivers/BSP/STM32F4xx_Nucleo_144" -I"/home/luis/Embebidos/ProgramacionMicrocontrolador/PdM_workspace/Práctica_1/Drivers/Core/Inc" -O0 -ffunction-sections -fdata-sections -Wall -fstack-usage -MMD -MP -MF"Src/main.d" -MT"Src/main.o" --specs=nano.specs -mfpu=fpv4-sp-d16 -mfloat-abi=hard -mthumb -o "Src/main.o"
arm-none-eabi-gcc -o "Práctica_1.elf" @"objects.list"   -mcpu=cortex-m4 -T"/home/luis/Embebidos/ProgramacionMicrocontrolador/PdM_workspace/Práctica_1/STM32F429ZITX_FLASH.ld" --specs=nosys.specs -Wl,-Map="Práctica_1.map" -Wl,--gc-sections -static --specs=nano.specs -mfpu=fpv4-sp-d16 -mfloat-abi=hard -mthumb -Wl,--start-group -lc -lm -Wl,--end-group
Finished building target: Práctica_1.elf
 
arm-none-eabi-size   Práctica_1.elf 
arm-none-eabi-objdump -h -S  Práctica_1.elf  > "Práctica_1.list"
arm-none-eabi-objcopy  -O binary  Práctica_1.elf  "Práctica_1.bin"
   text	   data	    bss	    dec	    hex	filename
   6596	     36	   1572	   8204	   200c	Práctica_1.elf
Finished building: default.size.stdout
 
Finished building: Práctica_1.bin
 
Finished building: Práctica_1.list
 
18:57:04 **** Incremental Build of configuration Debug for project Práctica_1 ****
make -j4 all 
arm-none-eabi-gcc "../Src/main.c" -mcpu=cortex-m4 -std=gnu11 -g3 -DDEBUG -DSTM32 -DSTM32F429ZITx -DSTM32F4 -DNUCLEO_F429ZI -DUSE_HAL_DRIVER -DSTM32F429xx -c -I../Inc -I"/home/luis/Embebidos/ProgramacionMicrocontrolador/PdM_workspace/Práctica_1/Drivers/STM32F4xx_HAL_Driver/Inc" -I"/home/luis/Embebidos/ProgramacionMicrocontrolador/PdM_workspace/Práctica_1/Drivers/CMSIS/Include" -I"/home/luis/Embebidos/ProgramacionMicrocontrolador/PdM_workspace/Práctica_1/Drivers/CMSIS/Device/ST/STM32F4xx/Include" -I"/home/luis/Embebidos/ProgramacionMicrocontrolador/PdM_workspace/Práctica_1/Drivers/BSP/STM32F4xx_Nucleo_144" -I"/home/luis/Embebidos/ProgramacionMicrocontrolador/PdM_workspace/Práctica_1/Drivers/Core/Inc" -O0 -ffunction-sections -fdata-sections -Wall -fstack-usage -MMD -MP -MF"Src/main.d" -MT"Src/main.o" --specs=nano.specs -mfpu=fpv4-sp-d16 -mfloat-abi=hard -mthumb -o "Src/main.o"
arm-none-eabi-gcc -o "Práctica_1.elf" @"objects.list"   -mcpu=cortex-m4 -T"/home/luis/Embebidos/ProgramacionMicrocontrolador/PdM_workspace/Práctica_1/STM32F429ZITX_FLASH.ld" --specs=nosys.specs -Wl,-Map="Práctica_1.map" -Wl,--gc-sections -static --specs=nano.specs -mfpu=fpv4-sp-d16 -mfloat-abi=hard -mthumb -Wl,--start-group -lc -lm -Wl,--end-group
Finished building target: Práctica_1.elf
 
arm-none-eabi-size   Práctica_1.elf 
arm-none-eabi-objdump -h -S  Práctica_1.elf  > "Práctica_1.list"
arm-none-eabi-objcopy  -O binary  Práctica_1.elf  "Práctica_1.bin"
   text	   data	    bss	    dec	    hex	filename
   6668	     36	   1572	   8276	   2054	Práctica_1.elf
Finished building: default.size.stdout
 
Finished building: Práctica_1.bin
 
Finished building: Práctica_1.list
 
