11:29:42 **** Incremental Build of configuration Debug for project Practica1_template ****
make -j4 all 
arm-none-eabi-gcc -mcpu=cortex-m4 -g3 -DDEBUG -c -I"/home/pato/Embebidos/CESE/PdM_workspace/Practica1_template/Drivers/STM32F4xx_HAL_Driver/Inc" -I"/home/pato/Embebidos/CESE/PdM_workspace/Practica1_template/Drivers/CMSIS/Include" -I"/home/pato/Embebidos/CESE/PdM_workspace/Practica1_template/Drivers/CMSIS/Device/ST/STM32F4xx/Include" -I"/home/pato/Embebidos/CESE/PdM_workspace/Practica1_template/Drivers/BSP/STM32F4xx_Nucleo_144" -I"/home/pato/Embebidos/CESE/PdM_workspace/Practica1_template/Inc" -I"/home/pato/Embebidos/CESE/PdM_workspace/Practica1_template/Drivers/Core/Inc" -x assembler-with-cpp -MMD -MP -MF"Startup/startup_stm32f429xx.d" -MT"Startup/startup_stm32f429xx.o" --specs=nano.specs -mfpu=fpv4-sp-d16 -mfloat-abi=hard -mthumb -o "Startup/startup_stm32f429xx.o" "../Startup/startup_stm32f429xx.s"
arm-none-eabi-gcc "../Src/API_delay.c" -mcpu=cortex-m4 -std=gnu11 -g3 -DDEBUG -DSTM32 -DSTM32F429ZITx -DSTM32F4 -DNUCLEO_F429ZI -DUSE_HAL_DRIVER -DSTM32F429xx -c -I../Inc -I"/home/pato/Embebidos/CESE/PdM_workspace/Practica1_template/Drivers/STM32F4xx_HAL_Driver/Inc" -I"/home/pato/Embebidos/CESE/PdM_workspace/Practica1_template/Drivers/CMSIS/Include" -I"/home/pato/Embebidos/CESE/PdM_workspace/Practica1_template/Drivers/CMSIS/Device/ST/STM32F4xx/Include" -I"/home/pato/Embebidos/CESE/PdM_workspace/Practica1_template/Drivers/BSP/STM32F4xx_Nucleo_144" -I"/home/pato/Embebidos/CESE/PdM_workspace/Practica1_template/Drivers/Core/Inc" -O0 -ffunction-sections -fdata-sections -Wall -fstack-usage -MMD -MP -MF"Src/API_delay.d" -MT"Src/API_delay.o" --specs=nano.specs -mfpu=fpv4-sp-d16 -mfloat-abi=hard -mthumb -o "Src/API_delay.o"
arm-none-eabi-gcc "../Src/main.c" -mcpu=cortex-m4 -std=gnu11 -g3 -DDEBUG -DSTM32 -DSTM32F429ZITx -DSTM32F4 -DNUCLEO_F429ZI -DUSE_HAL_DRIVER -DSTM32F429xx -c -I../Inc -I"/home/pato/Embebidos/CESE/PdM_workspace/Practica1_template/Drivers/STM32F4xx_HAL_Driver/Inc" -I"/home/pato/Embebidos/CESE/PdM_workspace/Practica1_template/Drivers/CMSIS/Include" -I"/home/pato/Embebidos/CESE/PdM_workspace/Practica1_template/Drivers/CMSIS/Device/ST/STM32F4xx/Include" -I"/home/pato/Embebidos/CESE/PdM_workspace/Practica1_template/Drivers/BSP/STM32F4xx_Nucleo_144" -I"/home/pato/Embebidos/CESE/PdM_workspace/Practica1_template/Drivers/Core/Inc" -O0 -ffunction-sections -fdata-sections -Wall -fstack-usage -MMD -MP -MF"Src/main.d" -MT"Src/main.o" --specs=nano.specs -mfpu=fpv4-sp-d16 -mfloat-abi=hard -mthumb -o "Src/main.o"
arm-none-eabi-gcc "../Drivers/STM32F4xx_HAL_Driver/Src/Legacy/stm32f4xx_hal_can.c" -mcpu=cortex-m4 -std=gnu11 -g3 -DDEBUG -DSTM32 -DSTM32F429ZITx -DSTM32F4 -DNUCLEO_F429ZI -DUSE_HAL_DRIVER -DSTM32F429xx -c -I../Inc -I"/home/pato/Embebidos/CESE/PdM_workspace/Practica1_template/Drivers/STM32F4xx_HAL_Driver/Inc" -I"/home/pato/Embebidos/CESE/PdM_workspace/Practica1_template/Drivers/CMSIS/Include" -I"/home/pato/Embebidos/CESE/PdM_workspace/Practica1_template/Drivers/CMSIS/Device/ST/STM32F4xx/Include" -I"/home/pato/Embebidos/CESE/PdM_workspace/Practica1_template/Drivers/BSP/STM32F4xx_Nucleo_144" -I"/home/pato/Embebidos/CESE/PdM_workspace/Practica1_template/Drivers/Core/Inc" -O0 -ffunction-sections -fdata-sections -Wall -fstack-usage -MMD -MP -MF"Drivers/STM32F4xx_HAL_Driver/Src/Legacy/stm32f4xx_hal_can.d" -MT"Drivers/STM32F4xx_HAL_Driver/Src/Legacy/stm32f4xx_hal_can.o" --specs=nano.specs -mfpu=fpv4-sp-d16 -mfloat-abi=hard -mthumb -o "Drivers/STM32F4xx_HAL_Driver/Src/Legacy/stm32f4xx_hal_can.o"
arm-none-eabi-gcc "../Drivers/STM32F4xx_HAL_Driver/Src/stm32f4xx_hal.c" -mcpu=cortex-m4 -std=gnu11 -g3 -DDEBUG -DSTM32 -DSTM32F429ZITx -DSTM32F4 -DNUCLEO_F429ZI -DUSE_HAL_DRIVER -DSTM32F429xx -c -I../Inc -I"/home/pato/Embebidos/CESE/PdM_workspace/Practica1_template/Drivers/STM32F4xx_HAL_Driver/Inc" -I"/home/pato/Embebidos/CESE/PdM_workspace/Practica1_template/Drivers/CMSIS/Include" -I"/home/pato/Embebidos/CESE/PdM_workspace/Practica1_template/Drivers/CMSIS/Device/ST/STM32F4xx/Include" -I"/home/pato/Embebidos/CESE/PdM_workspace/Practica1_template/Drivers/BSP/STM32F4xx_Nucleo_144" -I"/home/pato/Embebidos/CESE/PdM_workspace/Practica1_template/Drivers/Core/Inc" -O0 -ffunction-sections -fdata-sections -Wall -fstack-usage -MMD -MP -MF"Drivers/STM32F4xx_HAL_Driver/Src/stm32f4xx_hal.d" -MT"Drivers/STM32F4xx_HAL_Driver/Src/stm32f4xx_hal.o" --specs=nano.specs -mfpu=fpv4-sp-d16 -mfloat-abi=hard -mthumb -o "Drivers/STM32F4xx_HAL_Driver/Src/stm32f4xx_hal.o"
arm-none-eabi-gcc "../Drivers/STM32F4xx_HAL_Driver/Src/stm32f4xx_hal_adc.c" -mcpu=cortex-m4 -std=gnu11 -g3 -DDEBUG -DSTM32 -DSTM32F429ZITx -DSTM32F4 -DNUCLEO_F429ZI -DUSE_HAL_DRIVER -DSTM32F429xx -c -I../Inc -I"/home/pato/Embebidos/CESE/PdM_workspace/Practica1_template/Drivers/STM32F4xx_HAL_Driver/Inc" -I"/home/pato/Embebidos/CESE/PdM_workspace/Practica1_template/Drivers/CMSIS/Include" -I"/home/pato/Embebidos/CESE/PdM_workspace/Practica1_template/Drivers/CMSIS/Device/ST/STM32F4xx/Include" -I"/home/pato/Embebidos/CESE/PdM_workspace/Practica1_template/Drivers/BSP/STM32F4xx_Nucleo_144" -I"/home/pato/Embebidos/CESE/PdM_workspace/Practica1_template/Drivers/Core/Inc" -O0 -ffunction-sections -fdata-sections -Wall -fstack-usage -MMD -MP -MF"Drivers/STM32F4xx_HAL_Driver/Src/stm32f4xx_hal_adc.d" -MT"Drivers/STM32F4xx_HAL_Driver/Src/stm32f4xx_hal_adc.o" --specs=nano.specs -mfpu=fpv4-sp-d16 -mfloat-abi=hard -mthumb -o "Drivers/STM32F4xx_HAL_Driver/Src/stm32f4xx_hal_adc.o"
arm-none-eabi-gcc "../Drivers/STM32F4xx_HAL_Driver/Src/stm32f4xx_hal_adc_ex.c" -mcpu=cortex-m4 -std=gnu11 -g3 -DDEBUG -DSTM32 -DSTM32F429ZITx -DSTM32F4 -DNUCLEO_F429ZI -DUSE_HAL_DRIVER -DSTM32F429xx -c -I../Inc -I"/home/pato/Embebidos/CESE/PdM_workspace/Practica1_template/Drivers/STM32F4xx_HAL_Driver/Inc" -I"/home/pato/Embebidos/CESE/PdM_workspace/Practica1_template/Drivers/CMSIS/Include" -I"/home/pato/Embebidos/CESE/PdM_workspace/Practica1_template/Drivers/CMSIS/Device/ST/STM32F4xx/Include" -I"/home/pato/Embebidos/CESE/PdM_workspace/Practica1_template/Drivers/BSP/STM32F4xx_Nucleo_144" -I"/home/pato/Embebidos/CESE/PdM_workspace/Practica1_template/Drivers/Core/Inc" -O0 -ffunction-sections -fdata-sections -Wall -fstack-usage -MMD -MP -MF"Drivers/STM32F4xx_HAL_Driver/Src/stm32f4xx_hal_adc_ex.d" -MT"Drivers/STM32F4xx_HAL_Driver/Src/stm32f4xx_hal_adc_ex.o" --specs=nano.specs -mfpu=fpv4-sp-d16 -mfloat-abi=hard -mthumb -o "Drivers/STM32F4xx_HAL_Driver/Src/stm32f4xx_hal_adc_ex.o"
arm-none-eabi-gcc "../Drivers/STM32F4xx_HAL_Driver/Src/stm32f4xx_hal_can.c" -mcpu=cortex-m4 -std=gnu11 -g3 -DDEBUG -DSTM32 -DSTM32F429ZITx -DSTM32F4 -DNUCLEO_F429ZI -DUSE_HAL_DRIVER -DSTM32F429xx -c -I../Inc -I"/home/pato/Embebidos/CESE/PdM_workspace/Practica1_template/Drivers/STM32F4xx_HAL_Driver/Inc" -I"/home/pato/Embebidos/CESE/PdM_workspace/Practica1_template/Drivers/CMSIS/Include" -I"/home/pato/Embebidos/CESE/PdM_workspace/Practica1_template/Drivers/CMSIS/Device/ST/STM32F4xx/Include" -I"/home/pato/Embebidos/CESE/PdM_workspace/Practica1_template/Drivers/BSP/STM32F4xx_Nucleo_144" -I"/home/pato/Embebidos/CESE/PdM_workspace/Practica1_template/Drivers/Core/Inc" -O0 -ffunction-sections -fdata-sections -Wall -fstack-usage -MMD -MP -MF"Drivers/STM32F4xx_HAL_Driver/Src/stm32f4xx_hal_can.d" -MT"Drivers/STM32F4xx_HAL_Driver/Src/stm32f4xx_hal_can.o" --specs=nano.specs -mfpu=fpv4-sp-d16 -mfloat-abi=hard -mthumb -o "Drivers/STM32F4xx_HAL_Driver/Src/stm32f4xx_hal_can.o"
arm-none-eabi-gcc "../Drivers/STM32F4xx_HAL_Driver/Src/stm32f4xx_hal_cec.c" -mcpu=cortex-m4 -std=gnu11 -g3 -DDEBUG -DSTM32 -DSTM32F429ZITx -DSTM32F4 -DNUCLEO_F429ZI -DUSE_HAL_DRIVER -DSTM32F429xx -c -I../Inc -I"/home/pato/Embebidos/CESE/PdM_workspace/Practica1_template/Drivers/STM32F4xx_HAL_Driver/Inc" -I"/home/pato/Embebidos/CESE/PdM_workspace/Practica1_template/Drivers/CMSIS/Include" -I"/home/pato/Embebidos/CESE/PdM_workspace/Practica1_template/Drivers/CMSIS/Device/ST/STM32F4xx/Include" -I"/home/pato/Embebidos/CESE/PdM_workspace/Practica1_template/Drivers/BSP/STM32F4xx_Nucleo_144" -I"/home/pato/Embebidos/CESE/PdM_workspace/Practica1_template/Drivers/Core/Inc" -O0 -ffunction-sections -fdata-sections -Wall -fstack-usage -MMD -MP -MF"Drivers/STM32F4xx_HAL_Driver/Src/stm32f4xx_hal_cec.d" -MT"Drivers/STM32F4xx_HAL_Driver/Src/stm32f4xx_hal_cec.o" --specs=nano.specs -mfpu=fpv4-sp-d16 -mfloat-abi=hard -mthumb -o "Drivers/STM32F4xx_HAL_Driver/Src/stm32f4xx_hal_cec.o"
arm-none-eabi-gcc "../Drivers/STM32F4xx_HAL_Driver/Src/stm32f4xx_hal_cortex.c" -mcpu=cortex-m4 -std=gnu11 -g3 -DDEBUG -DSTM32 -DSTM32F429ZITx -DSTM32F4 -DNUCLEO_F429ZI -DUSE_HAL_DRIVER -DSTM32F429xx -c -I../Inc -I"/home/pato/Embebidos/CESE/PdM_workspace/Practica1_template/Drivers/STM32F4xx_HAL_Driver/Inc" -I"/home/pato/Embebidos/CESE/PdM_workspace/Practica1_template/Drivers/CMSIS/Include" -I"/home/pato/Embebidos/CESE/PdM_workspace/Practica1_template/Drivers/CMSIS/Device/ST/STM32F4xx/Include" -I"/home/pato/Embebidos/CESE/PdM_workspace/Practica1_template/Drivers/BSP/STM32F4xx_Nucleo_144" -I"/home/pato/Embebidos/CESE/PdM_workspace/Practica1_template/Drivers/Core/Inc" -O0 -ffunction-sections -fdata-sections -Wall -fstack-usage -MMD -MP -MF"Drivers/STM32F4xx_HAL_Driver/Src/stm32f4xx_hal_cortex.d" -MT"Drivers/STM32F4xx_HAL_Driver/Src/stm32f4xx_hal_cortex.o" --specs=nano.specs -mfpu=fpv4-sp-d16 -mfloat-abi=hard -mthumb -o "Drivers/STM32F4xx_HAL_Driver/Src/stm32f4xx_hal_cortex.o"
arm-none-eabi-gcc "../Drivers/STM32F4xx_HAL_Driver/Src/stm32f4xx_hal_crc.c" -mcpu=cortex-m4 -std=gnu11 -g3 -DDEBUG -DSTM32 -DSTM32F429ZITx -DSTM32F4 -DNUCLEO_F429ZI -DUSE_HAL_DRIVER -DSTM32F429xx -c -I../Inc -I"/home/pato/Embebidos/CESE/PdM_workspace/Practica1_template/Drivers/STM32F4xx_HAL_Driver/Inc" -I"/home/pato/Embebidos/CESE/PdM_workspace/Practica1_template/Drivers/CMSIS/Include" -I"/home/pato/Embebidos/CESE/PdM_workspace/Practica1_template/Drivers/CMSIS/Device/ST/STM32F4xx/Include" -I"/home/pato/Embebidos/CESE/PdM_workspace/Practica1_template/Drivers/BSP/STM32F4xx_Nucleo_144" -I"/home/pato/Embebidos/CESE/PdM_workspace/Practica1_template/Drivers/Core/Inc" -O0 -ffunction-sections -fdata-sections -Wall -fstack-usage -MMD -MP -MF"Drivers/STM32F4xx_HAL_Driver/Src/stm32f4xx_hal_crc.d" -MT"Drivers/STM32F4xx_HAL_Driver/Src/stm32f4xx_hal_crc.o" --specs=nano.specs -mfpu=fpv4-sp-d16 -mfloat-abi=hard -mthumb -o "Drivers/STM32F4xx_HAL_Driver/Src/stm32f4xx_hal_crc.o"
arm-none-eabi-gcc "../Drivers/STM32F4xx_HAL_Driver/Src/stm32f4xx_hal_cryp.c" -mcpu=cortex-m4 -std=gnu11 -g3 -DDEBUG -DSTM32 -DSTM32F429ZITx -DSTM32F4 -DNUCLEO_F429ZI -DUSE_HAL_DRIVER -DSTM32F429xx -c -I../Inc -I"/home/pato/Embebidos/CESE/PdM_workspace/Practica1_template/Drivers/STM32F4xx_HAL_Driver/Inc" -I"/home/pato/Embebidos/CESE/PdM_workspace/Practica1_template/Drivers/CMSIS/Include" -I"/home/pato/Embebidos/CESE/PdM_workspace/Practica1_template/Drivers/CMSIS/Device/ST/STM32F4xx/Include" -I"/home/pato/Embebidos/CESE/PdM_workspace/Practica1_template/Drivers/BSP/STM32F4xx_Nucleo_144" -I"/home/pato/Embebidos/CESE/PdM_workspace/Practica1_template/Drivers/Core/Inc" -O0 -ffunction-sections -fdata-sections -Wall -fstack-usage -MMD -MP -MF"Drivers/STM32F4xx_HAL_Driver/Src/stm32f4xx_hal_cryp.d" -MT"Drivers/STM32F4xx_HAL_Driver/Src/stm32f4xx_hal_cryp.o" --specs=nano.specs -mfpu=fpv4-sp-d16 -mfloat-abi=hard -mthumb -o "Drivers/STM32F4xx_HAL_Driver/Src/stm32f4xx_hal_cryp.o"
arm-none-eabi-gcc "../Drivers/STM32F4xx_HAL_Driver/Src/stm32f4xx_hal_cryp_ex.c" -mcpu=cortex-m4 -std=gnu11 -g3 -DDEBUG -DSTM32 -DSTM32F429ZITx -DSTM32F4 -DNUCLEO_F429ZI -DUSE_HAL_DRIVER -DSTM32F429xx -c -I../Inc -I"/home/pato/Embebidos/CESE/PdM_workspace/Practica1_template/Drivers/STM32F4xx_HAL_Driver/Inc" -I"/home/pato/Embebidos/CESE/PdM_workspace/Practica1_template/Drivers/CMSIS/Include" -I"/home/pato/Embebidos/CESE/PdM_workspace/Practica1_template/Drivers/CMSIS/Device/ST/STM32F4xx/Include" -I"/home/pato/Embebidos/CESE/PdM_workspace/Practica1_template/Drivers/BSP/STM32F4xx_Nucleo_144" -I"/home/pato/Embebidos/CESE/PdM_workspace/Practica1_template/Drivers/Core/Inc" -O0 -ffunction-sections -fdata-sections -Wall -fstack-usage -MMD -MP -MF"Drivers/STM32F4xx_HAL_Driver/Src/stm32f4xx_hal_cryp_ex.d" -MT"Drivers/STM32F4xx_HAL_Driver/Src/stm32f4xx_hal_cryp_ex.o" --specs=nano.specs -mfpu=fpv4-sp-d16 -mfloat-abi=hard -mthumb -o "Drivers/STM32F4xx_HAL_Driver/Src/stm32f4xx_hal_cryp_ex.o"
arm-none-eabi-gcc "../Drivers/STM32F4xx_HAL_Driver/Src/stm32f4xx_hal_dac.c" -mcpu=cortex-m4 -std=gnu11 -g3 -DDEBUG -DSTM32 -DSTM32F429ZITx -DSTM32F4 -DNUCLEO_F429ZI -DUSE_HAL_DRIVER -DSTM32F429xx -c -I../Inc -I"/home/pato/Embebidos/CESE/PdM_workspace/Practica1_template/Drivers/STM32F4xx_HAL_Driver/Inc" -I"/home/pato/Embebidos/CESE/PdM_workspace/Practica1_template/Drivers/CMSIS/Include" -I"/home/pato/Embebidos/CESE/PdM_workspace/Practica1_template/Drivers/CMSIS/Device/ST/STM32F4xx/Include" -I"/home/pato/Embebidos/CESE/PdM_workspace/Practica1_template/Drivers/BSP/STM32F4xx_Nucleo_144" -I"/home/pato/Embebidos/CESE/PdM_workspace/Practica1_template/Drivers/Core/Inc" -O0 -ffunction-sections -fdata-sections -Wall -fstack-usage -MMD -MP -MF"Drivers/STM32F4xx_HAL_Driver/Src/stm32f4xx_hal_dac.d" -MT"Drivers/STM32F4xx_HAL_Driver/Src/stm32f4xx_hal_dac.o" --specs=nano.specs -mfpu=fpv4-sp-d16 -mfloat-abi=hard -mthumb -o "Drivers/STM32F4xx_HAL_Driver/Src/stm32f4xx_hal_dac.o"
arm-none-eabi-gcc "../Drivers/STM32F4xx_HAL_Driver/Src/stm32f4xx_hal_dac_ex.c" -mcpu=cortex-m4 -std=gnu11 -g3 -DDEBUG -DSTM32 -DSTM32F429ZITx -DSTM32F4 -DNUCLEO_F429ZI -DUSE_HAL_DRIVER -DSTM32F429xx -c -I../Inc -I"/home/pato/Embebidos/CESE/PdM_workspace/Practica1_template/Drivers/STM32F4xx_HAL_Driver/Inc" -I"/home/pato/Embebidos/CESE/PdM_workspace/Practica1_template/Drivers/CMSIS/Include" -I"/home/pato/Embebidos/CESE/PdM_workspace/Practica1_template/Drivers/CMSIS/Device/ST/STM32F4xx/Include" -I"/home/pato/Embebidos/CESE/PdM_workspace/Practica1_template/Drivers/BSP/STM32F4xx_Nucleo_144" -I"/home/pato/Embebidos/CESE/PdM_workspace/Practica1_template/Drivers/Core/Inc" -O0 -ffunction-sections -fdata-sections -Wall -fstack-usage -MMD -MP -MF"Drivers/STM32F4xx_HAL_Driver/Src/stm32f4xx_hal_dac_ex.d" -MT"Drivers/STM32F4xx_HAL_Driver/Src/stm32f4xx_hal_dac_ex.o" --specs=nano.specs -mfpu=fpv4-sp-d16 -mfloat-abi=hard -mthumb -o "Drivers/STM32F4xx_HAL_Driver/Src/stm32f4xx_hal_dac_ex.o"
arm-none-eabi-gcc "../Drivers/STM32F4xx_HAL_Driver/Src/stm32f4xx_hal_dcmi.c" -mcpu=cortex-m4 -std=gnu11 -g3 -DDEBUG -DSTM32 -DSTM32F429ZITx -DSTM32F4 -DNUCLEO_F429ZI -DUSE_HAL_DRIVER -DSTM32F429xx -c -I../Inc -I"/home/pato/Embebidos/CESE/PdM_workspace/Practica1_template/Drivers/STM32F4xx_HAL_Driver/Inc" -I"/home/pato/Embebidos/CESE/PdM_workspace/Practica1_template/Drivers/CMSIS/Include" -I"/home/pato/Embebidos/CESE/PdM_workspace/Practica1_template/Drivers/CMSIS/Device/ST/STM32F4xx/Include" -I"/home/pato/Embebidos/CESE/PdM_workspace/Practica1_template/Drivers/BSP/STM32F4xx_Nucleo_144" -I"/home/pato/Embebidos/CESE/PdM_workspace/Practica1_template/Drivers/Core/Inc" -O0 -ffunction-sections -fdata-sections -Wall -fstack-usage -MMD -MP -MF"Drivers/STM32F4xx_HAL_Driver/Src/stm32f4xx_hal_dcmi.d" -MT"Drivers/STM32F4xx_HAL_Driver/Src/stm32f4xx_hal_dcmi.o" --specs=nano.specs -mfpu=fpv4-sp-d16 -mfloat-abi=hard -mthumb -o "Drivers/STM32F4xx_HAL_Driver/Src/stm32f4xx_hal_dcmi.o"
arm-none-eabi-gcc "../Drivers/STM32F4xx_HAL_Driver/Src/stm32f4xx_hal_dcmi_ex.c" -mcpu=cortex-m4 -std=gnu11 -g3 -DDEBUG -DSTM32 -DSTM32F429ZITx -DSTM32F4 -DNUCLEO_F429ZI -DUSE_HAL_DRIVER -DSTM32F429xx -c -I../Inc -I"/home/pato/Embebidos/CESE/PdM_workspace/Practica1_template/Drivers/STM32F4xx_HAL_Driver/Inc" -I"/home/pato/Embebidos/CESE/PdM_workspace/Practica1_template/Drivers/CMSIS/Include" -I"/home/pato/Embebidos/CESE/PdM_workspace/Practica1_template/Drivers/CMSIS/Device/ST/STM32F4xx/Include" -I"/home/pato/Embebidos/CESE/PdM_workspace/Practica1_template/Drivers/BSP/STM32F4xx_Nucleo_144" -I"/home/pato/Embebidos/CESE/PdM_workspace/Practica1_template/Drivers/Core/Inc" -O0 -ffunction-sections -fdata-sections -Wall -fstack-usage -MMD -MP -MF"Drivers/STM32F4xx_HAL_Driver/Src/stm32f4xx_hal_dcmi_ex.d" -MT"Drivers/STM32F4xx_HAL_Driver/Src/stm32f4xx_hal_dcmi_ex.o" --specs=nano.specs -mfpu=fpv4-sp-d16 -mfloat-abi=hard -mthumb -o "Drivers/STM32F4xx_HAL_Driver/Src/stm32f4xx_hal_dcmi_ex.o"
arm-none-eabi-gcc "../Drivers/STM32F4xx_HAL_Driver/Src/stm32f4xx_hal_dfsdm.c" -mcpu=cortex-m4 -std=gnu11 -g3 -DDEBUG -DSTM32 -DSTM32F429ZITx -DSTM32F4 -DNUCLEO_F429ZI -DUSE_HAL_DRIVER -DSTM32F429xx -c -I../Inc -I"/home/pato/Embebidos/CESE/PdM_workspace/Practica1_template/Drivers/STM32F4xx_HAL_Driver/Inc" -I"/home/pato/Embebidos/CESE/PdM_workspace/Practica1_template/Drivers/CMSIS/Include" -I"/home/pato/Embebidos/CESE/PdM_workspace/Practica1_template/Drivers/CMSIS/Device/ST/STM32F4xx/Include" -I"/home/pato/Embebidos/CESE/PdM_workspace/Practica1_template/Drivers/BSP/STM32F4xx_Nucleo_144" -I"/home/pato/Embebidos/CESE/PdM_workspace/Practica1_template/Drivers/Core/Inc" -O0 -ffunction-sections -fdata-sections -Wall -fstack-usage -MMD -MP -MF"Drivers/STM32F4xx_HAL_Driver/Src/stm32f4xx_hal_dfsdm.d" -MT"Drivers/STM32F4xx_HAL_Driver/Src/stm32f4xx_hal_dfsdm.o" --specs=nano.specs -mfpu=fpv4-sp-d16 -mfloat-abi=hard -mthumb -o "Drivers/STM32F4xx_HAL_Driver/Src/stm32f4xx_hal_dfsdm.o"
arm-none-eabi-gcc "../Drivers/STM32F4xx_HAL_Driver/Src/stm32f4xx_hal_dma.c" -mcpu=cortex-m4 -std=gnu11 -g3 -DDEBUG -DSTM32 -DSTM32F429ZITx -DSTM32F4 -DNUCLEO_F429ZI -DUSE_HAL_DRIVER -DSTM32F429xx -c -I../Inc -I"/home/pato/Embebidos/CESE/PdM_workspace/Practica1_template/Drivers/STM32F4xx_HAL_Driver/Inc" -I"/home/pato/Embebidos/CESE/PdM_workspace/Practica1_template/Drivers/CMSIS/Include" -I"/home/pato/Embebidos/CESE/PdM_workspace/Practica1_template/Drivers/CMSIS/Device/ST/STM32F4xx/Include" -I"/home/pato/Embebidos/CESE/PdM_workspace/Practica1_template/Drivers/BSP/STM32F4xx_Nucleo_144" -I"/home/pato/Embebidos/CESE/PdM_workspace/Practica1_template/Drivers/Core/Inc" -O0 -ffunction-sections -fdata-sections -Wall -fstack-usage -MMD -MP -MF"Drivers/STM32F4xx_HAL_Driver/Src/stm32f4xx_hal_dma.d" -MT"Drivers/STM32F4xx_HAL_Driver/Src/stm32f4xx_hal_dma.o" --specs=nano.specs -mfpu=fpv4-sp-d16 -mfloat-abi=hard -mthumb -o "Drivers/STM32F4xx_HAL_Driver/Src/stm32f4xx_hal_dma.o"
arm-none-eabi-gcc "../Drivers/STM32F4xx_HAL_Driver/Src/stm32f4xx_hal_dma2d.c" -mcpu=cortex-m4 -std=gnu11 -g3 -DDEBUG -DSTM32 -DSTM32F429ZITx -DSTM32F4 -DNUCLEO_F429ZI -DUSE_HAL_DRIVER -DSTM32F429xx -c -I../Inc -I"/home/pato/Embebidos/CESE/PdM_workspace/Practica1_template/Drivers/STM32F4xx_HAL_Driver/Inc" -I"/home/pato/Embebidos/CESE/PdM_workspace/Practica1_template/Drivers/CMSIS/Include" -I"/home/pato/Embebidos/CESE/PdM_workspace/Practica1_template/Drivers/CMSIS/Device/ST/STM32F4xx/Include" -I"/home/pato/Embebidos/CESE/PdM_workspace/Practica1_template/Drivers/BSP/STM32F4xx_Nucleo_144" -I"/home/pato/Embebidos/CESE/PdM_workspace/Practica1_template/Drivers/Core/Inc" -O0 -ffunction-sections -fdata-sections -Wall -fstack-usage -MMD -MP -MF"Drivers/STM32F4xx_HAL_Driver/Src/stm32f4xx_hal_dma2d.d" -MT"Drivers/STM32F4xx_HAL_Driver/Src/stm32f4xx_hal_dma2d.o" --specs=nano.specs -mfpu=fpv4-sp-d16 -mfloat-abi=hard -mthumb -o "Drivers/STM32F4xx_HAL_Driver/Src/stm32f4xx_hal_dma2d.o"
arm-none-eabi-gcc "../Drivers/STM32F4xx_HAL_Driver/Src/stm32f4xx_hal_dma_ex.c" -mcpu=cortex-m4 -std=gnu11 -g3 -DDEBUG -DSTM32 -DSTM32F429ZITx -DSTM32F4 -DNUCLEO_F429ZI -DUSE_HAL_DRIVER -DSTM32F429xx -c -I../Inc -I"/home/pato/Embebidos/CESE/PdM_workspace/Practica1_template/Drivers/STM32F4xx_HAL_Driver/Inc" -I"/home/pato/Embebidos/CESE/PdM_workspace/Practica1_template/Drivers/CMSIS/Include" -I"/home/pato/Embebidos/CESE/PdM_workspace/Practica1_template/Drivers/CMSIS/Device/ST/STM32F4xx/Include" -I"/home/pato/Embebidos/CESE/PdM_workspace/Practica1_template/Drivers/BSP/STM32F4xx_Nucleo_144" -I"/home/pato/Embebidos/CESE/PdM_workspace/Practica1_template/Drivers/Core/Inc" -O0 -ffunction-sections -fdata-sections -Wall -fstack-usage -MMD -MP -MF"Drivers/STM32F4xx_HAL_Driver/Src/stm32f4xx_hal_dma_ex.d" -MT"Drivers/STM32F4xx_HAL_Driver/Src/stm32f4xx_hal_dma_ex.o" --specs=nano.specs -mfpu=fpv4-sp-d16 -mfloat-abi=hard -mthumb -o "Drivers/STM32F4xx_HAL_Driver/Src/stm32f4xx_hal_dma_ex.o"
arm-none-eabi-gcc "../Drivers/STM32F4xx_HAL_Driver/Src/stm32f4xx_hal_dsi.c" -mcpu=cortex-m4 -std=gnu11 -g3 -DDEBUG -DSTM32 -DSTM32F429ZITx -DSTM32F4 -DNUCLEO_F429ZI -DUSE_HAL_DRIVER -DSTM32F429xx -c -I../Inc -I"/home/pato/Embebidos/CESE/PdM_workspace/Practica1_template/Drivers/STM32F4xx_HAL_Driver/Inc" -I"/home/pato/Embebidos/CESE/PdM_workspace/Practica1_template/Drivers/CMSIS/Include" -I"/home/pato/Embebidos/CESE/PdM_workspace/Practica1_template/Drivers/CMSIS/Device/ST/STM32F4xx/Include" -I"/home/pato/Embebidos/CESE/PdM_workspace/Practica1_template/Drivers/BSP/STM32F4xx_Nucleo_144" -I"/home/pato/Embebidos/CESE/PdM_workspace/Practica1_template/Drivers/Core/Inc" -O0 -ffunction-sections -fdata-sections -Wall -fstack-usage -MMD -MP -MF"Drivers/STM32F4xx_HAL_Driver/Src/stm32f4xx_hal_dsi.d" -MT"Drivers/STM32F4xx_HAL_Driver/Src/stm32f4xx_hal_dsi.o" --specs=nano.specs -mfpu=fpv4-sp-d16 -mfloat-abi=hard -mthumb -o "Drivers/STM32F4xx_HAL_Driver/Src/stm32f4xx_hal_dsi.o"
arm-none-eabi-gcc "../Drivers/STM32F4xx_HAL_Driver/Src/stm32f4xx_hal_eth.c" -mcpu=cortex-m4 -std=gnu11 -g3 -DDEBUG -DSTM32 -DSTM32F429ZITx -DSTM32F4 -DNUCLEO_F429ZI -DUSE_HAL_DRIVER -DSTM32F429xx -c -I../Inc -I"/home/pato/Embebidos/CESE/PdM_workspace/Practica1_template/Drivers/STM32F4xx_HAL_Driver/Inc" -I"/home/pato/Embebidos/CESE/PdM_workspace/Practica1_template/Drivers/CMSIS/Include" -I"/home/pato/Embebidos/CESE/PdM_workspace/Practica1_template/Drivers/CMSIS/Device/ST/STM32F4xx/Include" -I"/home/pato/Embebidos/CESE/PdM_workspace/Practica1_template/Drivers/BSP/STM32F4xx_Nucleo_144" -I"/home/pato/Embebidos/CESE/PdM_workspace/Practica1_template/Drivers/Core/Inc" -O0 -ffunction-sections -fdata-sections -Wall -fstack-usage -MMD -MP -MF"Drivers/STM32F4xx_HAL_Driver/Src/stm32f4xx_hal_eth.d" -MT"Drivers/STM32F4xx_HAL_Driver/Src/stm32f4xx_hal_eth.o" --specs=nano.specs -mfpu=fpv4-sp-d16 -mfloat-abi=hard -mthumb -o "Drivers/STM32F4xx_HAL_Driver/Src/stm32f4xx_hal_eth.o"
arm-none-eabi-gcc "../Drivers/STM32F4xx_HAL_Driver/Src/stm32f4xx_hal_exti.c" -mcpu=cortex-m4 -std=gnu11 -g3 -DDEBUG -DSTM32 -DSTM32F429ZITx -DSTM32F4 -DNUCLEO_F429ZI -DUSE_HAL_DRIVER -DSTM32F429xx -c -I../Inc -I"/home/pato/Embebidos/CESE/PdM_workspace/Practica1_template/Drivers/STM32F4xx_HAL_Driver/Inc" -I"/home/pato/Embebidos/CESE/PdM_workspace/Practica1_template/Drivers/CMSIS/Include" -I"/home/pato/Embebidos/CESE/PdM_workspace/Practica1_template/Drivers/CMSIS/Device/ST/STM32F4xx/Include" -I"/home/pato/Embebidos/CESE/PdM_workspace/Practica1_template/Drivers/BSP/STM32F4xx_Nucleo_144" -I"/home/pato/Embebidos/CESE/PdM_workspace/Practica1_template/Drivers/Core/Inc" -O0 -ffunction-sections -fdata-sections -Wall -fstack-usage -MMD -MP -MF"Drivers/STM32F4xx_HAL_Driver/Src/stm32f4xx_hal_exti.d" -MT"Drivers/STM32F4xx_HAL_Driver/Src/stm32f4xx_hal_exti.o" --specs=nano.specs -mfpu=fpv4-sp-d16 -mfloat-abi=hard -mthumb -o "Drivers/STM32F4xx_HAL_Driver/Src/stm32f4xx_hal_exti.o"
arm-none-eabi-gcc "../Drivers/STM32F4xx_HAL_Driver/Src/stm32f4xx_hal_flash.c" -mcpu=cortex-m4 -std=gnu11 -g3 -DDEBUG -DSTM32 -DSTM32F429ZITx -DSTM32F4 -DNUCLEO_F429ZI -DUSE_HAL_DRIVER -DSTM32F429xx -c -I../Inc -I"/home/pato/Embebidos/CESE/PdM_workspace/Practica1_template/Drivers/STM32F4xx_HAL_Driver/Inc" -I"/home/pato/Embebidos/CESE/PdM_workspace/Practica1_template/Drivers/CMSIS/Include" -I"/home/pato/Embebidos/CESE/PdM_workspace/Practica1_template/Drivers/CMSIS/Device/ST/STM32F4xx/Include" -I"/home/pato/Embebidos/CESE/PdM_workspace/Practica1_template/Drivers/BSP/STM32F4xx_Nucleo_144" -I"/home/pato/Embebidos/CESE/PdM_workspace/Practica1_template/Drivers/Core/Inc" -O0 -ffunction-sections -fdata-sections -Wall -fstack-usage -MMD -MP -MF"Drivers/STM32F4xx_HAL_Driver/Src/stm32f4xx_hal_flash.d" -MT"Drivers/STM32F4xx_HAL_Driver/Src/stm32f4xx_hal_flash.o" --specs=nano.specs -mfpu=fpv4-sp-d16 -mfloat-abi=hard -mthumb -o "Drivers/STM32F4xx_HAL_Driver/Src/stm32f4xx_hal_flash.o"
arm-none-eabi-gcc "../Drivers/STM32F4xx_HAL_Driver/Src/stm32f4xx_hal_flash_ex.c" -mcpu=cortex-m4 -std=gnu11 -g3 -DDEBUG -DSTM32 -DSTM32F429ZITx -DSTM32F4 -DNUCLEO_F429ZI -DUSE_HAL_DRIVER -DSTM32F429xx -c -I../Inc -I"/home/pato/Embebidos/CESE/PdM_workspace/Practica1_template/Drivers/STM32F4xx_HAL_Driver/Inc" -I"/home/pato/Embebidos/CESE/PdM_workspace/Practica1_template/Drivers/CMSIS/Include" -I"/home/pato/Embebidos/CESE/PdM_workspace/Practica1_template/Drivers/CMSIS/Device/ST/STM32F4xx/Include" -I"/home/pato/Embebidos/CESE/PdM_workspace/Practica1_template/Drivers/BSP/STM32F4xx_Nucleo_144" -I"/home/pato/Embebidos/CESE/PdM_workspace/Practica1_template/Drivers/Core/Inc" -O0 -ffunction-sections -fdata-sections -Wall -fstack-usage -MMD -MP -MF"Drivers/STM32F4xx_HAL_Driver/Src/stm32f4xx_hal_flash_ex.d" -MT"Drivers/STM32F4xx_HAL_Driver/Src/stm32f4xx_hal_flash_ex.o" --specs=nano.specs -mfpu=fpv4-sp-d16 -mfloat-abi=hard -mthumb -o "Drivers/STM32F4xx_HAL_Driver/Src/stm32f4xx_hal_flash_ex.o"
arm-none-eabi-gcc "../Drivers/STM32F4xx_HAL_Driver/Src/stm32f4xx_hal_flash_ramfunc.c" -mcpu=cortex-m4 -std=gnu11 -g3 -DDEBUG -DSTM32 -DSTM32F429ZITx -DSTM32F4 -DNUCLEO_F429ZI -DUSE_HAL_DRIVER -DSTM32F429xx -c -I../Inc -I"/home/pato/Embebidos/CESE/PdM_workspace/Practica1_template/Drivers/STM32F4xx_HAL_Driver/Inc" -I"/home/pato/Embebidos/CESE/PdM_workspace/Practica1_template/Drivers/CMSIS/Include" -I"/home/pato/Embebidos/CESE/PdM_workspace/Practica1_template/Drivers/CMSIS/Device/ST/STM32F4xx/Include" -I"/home/pato/Embebidos/CESE/PdM_workspace/Practica1_template/Drivers/BSP/STM32F4xx_Nucleo_144" -I"/home/pato/Embebidos/CESE/PdM_workspace/Practica1_template/Drivers/Core/Inc" -O0 -ffunction-sections -fdata-sections -Wall -fstack-usage -MMD -MP -MF"Drivers/STM32F4xx_HAL_Driver/Src/stm32f4xx_hal_flash_ramfunc.d" -MT"Drivers/STM32F4xx_HAL_Driver/Src/stm32f4xx_hal_flash_ramfunc.o" --specs=nano.specs -mfpu=fpv4-sp-d16 -mfloat-abi=hard -mthumb -o "Drivers/STM32F4xx_HAL_Driver/Src/stm32f4xx_hal_flash_ramfunc.o"
arm-none-eabi-gcc "../Drivers/STM32F4xx_HAL_Driver/Src/stm32f4xx_hal_fmpi2c.c" -mcpu=cortex-m4 -std=gnu11 -g3 -DDEBUG -DSTM32 -DSTM32F429ZITx -DSTM32F4 -DNUCLEO_F429ZI -DUSE_HAL_DRIVER -DSTM32F429xx -c -I../Inc -I"/home/pato/Embebidos/CESE/PdM_workspace/Practica1_template/Drivers/STM32F4xx_HAL_Driver/Inc" -I"/home/pato/Embebidos/CESE/PdM_workspace/Practica1_template/Drivers/CMSIS/Include" -I"/home/pato/Embebidos/CESE/PdM_workspace/Practica1_template/Drivers/CMSIS/Device/ST/STM32F4xx/Include" -I"/home/pato/Embebidos/CESE/PdM_workspace/Practica1_template/Drivers/BSP/STM32F4xx_Nucleo_144" -I"/home/pato/Embebidos/CESE/PdM_workspace/Practica1_template/Drivers/Core/Inc" -O0 -ffunction-sections -fdata-sections -Wall -fstack-usage -MMD -MP -MF"Drivers/STM32F4xx_HAL_Driver/Src/stm32f4xx_hal_fmpi2c.d" -MT"Drivers/STM32F4xx_HAL_Driver/Src/stm32f4xx_hal_fmpi2c.o" --specs=nano.specs -mfpu=fpv4-sp-d16 -mfloat-abi=hard -mthumb -o "Drivers/STM32F4xx_HAL_Driver/Src/stm32f4xx_hal_fmpi2c.o"
arm-none-eabi-gcc "../Drivers/STM32F4xx_HAL_Driver/Src/stm32f4xx_hal_fmpi2c_ex.c" -mcpu=cortex-m4 -std=gnu11 -g3 -DDEBUG -DSTM32 -DSTM32F429ZITx -DSTM32F4 -DNUCLEO_F429ZI -DUSE_HAL_DRIVER -DSTM32F429xx -c -I../Inc -I"/home/pato/Embebidos/CESE/PdM_workspace/Practica1_template/Drivers/STM32F4xx_HAL_Driver/Inc" -I"/home/pato/Embebidos/CESE/PdM_workspace/Practica1_template/Drivers/CMSIS/Include" -I"/home/pato/Embebidos/CESE/PdM_workspace/Practica1_template/Drivers/CMSIS/Device/ST/STM32F4xx/Include" -I"/home/pato/Embebidos/CESE/PdM_workspace/Practica1_template/Drivers/BSP/STM32F4xx_Nucleo_144" -I"/home/pato/Embebidos/CESE/PdM_workspace/Practica1_template/Drivers/Core/Inc" -O0 -ffunction-sections -fdata-sections -Wall -fstack-usage -MMD -MP -MF"Drivers/STM32F4xx_HAL_Driver/Src/stm32f4xx_hal_fmpi2c_ex.d" -MT"Drivers/STM32F4xx_HAL_Driver/Src/stm32f4xx_hal_fmpi2c_ex.o" --specs=nano.specs -mfpu=fpv4-sp-d16 -mfloat-abi=hard -mthumb -o "Drivers/STM32F4xx_HAL_Driver/Src/stm32f4xx_hal_fmpi2c_ex.o"
arm-none-eabi-gcc "../Drivers/STM32F4xx_HAL_Driver/Src/stm32f4xx_hal_fmpsmbus.c" -mcpu=cortex-m4 -std=gnu11 -g3 -DDEBUG -DSTM32 -DSTM32F429ZITx -DSTM32F4 -DNUCLEO_F429ZI -DUSE_HAL_DRIVER -DSTM32F429xx -c -I../Inc -I"/home/pato/Embebidos/CESE/PdM_workspace/Practica1_template/Drivers/STM32F4xx_HAL_Driver/Inc" -I"/home/pato/Embebidos/CESE/PdM_workspace/Practica1_template/Drivers/CMSIS/Include" -I"/home/pato/Embebidos/CESE/PdM_workspace/Practica1_template/Drivers/CMSIS/Device/ST/STM32F4xx/Include" -I"/home/pato/Embebidos/CESE/PdM_workspace/Practica1_template/Drivers/BSP/STM32F4xx_Nucleo_144" -I"/home/pato/Embebidos/CESE/PdM_workspace/Practica1_template/Drivers/Core/Inc" -O0 -ffunction-sections -fdata-sections -Wall -fstack-usage -MMD -MP -MF"Drivers/STM32F4xx_HAL_Driver/Src/stm32f4xx_hal_fmpsmbus.d" -MT"Drivers/STM32F4xx_HAL_Driver/Src/stm32f4xx_hal_fmpsmbus.o" --specs=nano.specs -mfpu=fpv4-sp-d16 -mfloat-abi=hard -mthumb -o "Drivers/STM32F4xx_HAL_Driver/Src/stm32f4xx_hal_fmpsmbus.o"
arm-none-eabi-gcc "../Drivers/STM32F4xx_HAL_Driver/Src/stm32f4xx_hal_fmpsmbus_ex.c" -mcpu=cortex-m4 -std=gnu11 -g3 -DDEBUG -DSTM32 -DSTM32F429ZITx -DSTM32F4 -DNUCLEO_F429ZI -DUSE_HAL_DRIVER -DSTM32F429xx -c -I../Inc -I"/home/pato/Embebidos/CESE/PdM_workspace/Practica1_template/Drivers/STM32F4xx_HAL_Driver/Inc" -I"/home/pato/Embebidos/CESE/PdM_workspace/Practica1_template/Drivers/CMSIS/Include" -I"/home/pato/Embebidos/CESE/PdM_workspace/Practica1_template/Drivers/CMSIS/Device/ST/STM32F4xx/Include" -I"/home/pato/Embebidos/CESE/PdM_workspace/Practica1_template/Drivers/BSP/STM32F4xx_Nucleo_144" -I"/home/pato/Embebidos/CESE/PdM_workspace/Practica1_template/Drivers/Core/Inc" -O0 -ffunction-sections -fdata-sections -Wall -fstack-usage -MMD -MP -MF"Drivers/STM32F4xx_HAL_Driver/Src/stm32f4xx_hal_fmpsmbus_ex.d" -MT"Drivers/STM32F4xx_HAL_Driver/Src/stm32f4xx_hal_fmpsmbus_ex.o" --specs=nano.specs -mfpu=fpv4-sp-d16 -mfloat-abi=hard -mthumb -o "Drivers/STM32F4xx_HAL_Driver/Src/stm32f4xx_hal_fmpsmbus_ex.o"
arm-none-eabi-gcc "../Drivers/STM32F4xx_HAL_Driver/Src/stm32f4xx_hal_gpio.c" -mcpu=cortex-m4 -std=gnu11 -g3 -DDEBUG -DSTM32 -DSTM32F429ZITx -DSTM32F4 -DNUCLEO_F429ZI -DUSE_HAL_DRIVER -DSTM32F429xx -c -I../Inc -I"/home/pato/Embebidos/CESE/PdM_workspace/Practica1_template/Drivers/STM32F4xx_HAL_Driver/Inc" -I"/home/pato/Embebidos/CESE/PdM_workspace/Practica1_template/Drivers/CMSIS/Include" -I"/home/pato/Embebidos/CESE/PdM_workspace/Practica1_template/Drivers/CMSIS/Device/ST/STM32F4xx/Include" -I"/home/pato/Embebidos/CESE/PdM_workspace/Practica1_template/Drivers/BSP/STM32F4xx_Nucleo_144" -I"/home/pato/Embebidos/CESE/PdM_workspace/Practica1_template/Drivers/Core/Inc" -O0 -ffunction-sections -fdata-sections -Wall -fstack-usage -MMD -MP -MF"Drivers/STM32F4xx_HAL_Driver/Src/stm32f4xx_hal_gpio.d" -MT"Drivers/STM32F4xx_HAL_Driver/Src/stm32f4xx_hal_gpio.o" --specs=nano.specs -mfpu=fpv4-sp-d16 -mfloat-abi=hard -mthumb -o "Drivers/STM32F4xx_HAL_Driver/Src/stm32f4xx_hal_gpio.o"
arm-none-eabi-gcc "../Drivers/STM32F4xx_HAL_Driver/Src/stm32f4xx_hal_hash.c" -mcpu=cortex-m4 -std=gnu11 -g3 -DDEBUG -DSTM32 -DSTM32F429ZITx -DSTM32F4 -DNUCLEO_F429ZI -DUSE_HAL_DRIVER -DSTM32F429xx -c -I../Inc -I"/home/pato/Embebidos/CESE/PdM_workspace/Practica1_template/Drivers/STM32F4xx_HAL_Driver/Inc" -I"/home/pato/Embebidos/CESE/PdM_workspace/Practica1_template/Drivers/CMSIS/Include" -I"/home/pato/Embebidos/CESE/PdM_workspace/Practica1_template/Drivers/CMSIS/Device/ST/STM32F4xx/Include" -I"/home/pato/Embebidos/CESE/PdM_workspace/Practica1_template/Drivers/BSP/STM32F4xx_Nucleo_144" -I"/home/pato/Embebidos/CESE/PdM_workspace/Practica1_template/Drivers/Core/Inc" -O0 -ffunction-sections -fdata-sections -Wall -fstack-usage -MMD -MP -MF"Drivers/STM32F4xx_HAL_Driver/Src/stm32f4xx_hal_hash.d" -MT"Drivers/STM32F4xx_HAL_Driver/Src/stm32f4xx_hal_hash.o" --specs=nano.specs -mfpu=fpv4-sp-d16 -mfloat-abi=hard -mthumb -o "Drivers/STM32F4xx_HAL_Driver/Src/stm32f4xx_hal_hash.o"
arm-none-eabi-gcc "../Drivers/STM32F4xx_HAL_Driver/Src/stm32f4xx_hal_hash_ex.c" -mcpu=cortex-m4 -std=gnu11 -g3 -DDEBUG -DSTM32 -DSTM32F429ZITx -DSTM32F4 -DNUCLEO_F429ZI -DUSE_HAL_DRIVER -DSTM32F429xx -c -I../Inc -I"/home/pato/Embebidos/CESE/PdM_workspace/Practica1_template/Drivers/STM32F4xx_HAL_Driver/Inc" -I"/home/pato/Embebidos/CESE/PdM_workspace/Practica1_template/Drivers/CMSIS/Include" -I"/home/pato/Embebidos/CESE/PdM_workspace/Practica1_template/Drivers/CMSIS/Device/ST/STM32F4xx/Include" -I"/home/pato/Embebidos/CESE/PdM_workspace/Practica1_template/Drivers/BSP/STM32F4xx_Nucleo_144" -I"/home/pato/Embebidos/CESE/PdM_workspace/Practica1_template/Drivers/Core/Inc" -O0 -ffunction-sections -fdata-sections -Wall -fstack-usage -MMD -MP -MF"Drivers/STM32F4xx_HAL_Driver/Src/stm32f4xx_hal_hash_ex.d" -MT"Drivers/STM32F4xx_HAL_Driver/Src/stm32f4xx_hal_hash_ex.o" --specs=nano.specs -mfpu=fpv4-sp-d16 -mfloat-abi=hard -mthumb -o "Drivers/STM32F4xx_HAL_Driver/Src/stm32f4xx_hal_hash_ex.o"
arm-none-eabi-gcc "../Drivers/STM32F4xx_HAL_Driver/Src/stm32f4xx_hal_hcd.c" -mcpu=cortex-m4 -std=gnu11 -g3 -DDEBUG -DSTM32 -DSTM32F429ZITx -DSTM32F4 -DNUCLEO_F429ZI -DUSE_HAL_DRIVER -DSTM32F429xx -c -I../Inc -I"/home/pato/Embebidos/CESE/PdM_workspace/Practica1_template/Drivers/STM32F4xx_HAL_Driver/Inc" -I"/home/pato/Embebidos/CESE/PdM_workspace/Practica1_template/Drivers/CMSIS/Include" -I"/home/pato/Embebidos/CESE/PdM_workspace/Practica1_template/Drivers/CMSIS/Device/ST/STM32F4xx/Include" -I"/home/pato/Embebidos/CESE/PdM_workspace/Practica1_template/Drivers/BSP/STM32F4xx_Nucleo_144" -I"/home/pato/Embebidos/CESE/PdM_workspace/Practica1_template/Drivers/Core/Inc" -O0 -ffunction-sections -fdata-sections -Wall -fstack-usage -MMD -MP -MF"Drivers/STM32F4xx_HAL_Driver/Src/stm32f4xx_hal_hcd.d" -MT"Drivers/STM32F4xx_HAL_Driver/Src/stm32f4xx_hal_hcd.o" --specs=nano.specs -mfpu=fpv4-sp-d16 -mfloat-abi=hard -mthumb -o "Drivers/STM32F4xx_HAL_Driver/Src/stm32f4xx_hal_hcd.o"
arm-none-eabi-gcc "../Drivers/STM32F4xx_HAL_Driver/Src/stm32f4xx_hal_i2c.c" -mcpu=cortex-m4 -std=gnu11 -g3 -DDEBUG -DSTM32 -DSTM32F429ZITx -DSTM32F4 -DNUCLEO_F429ZI -DUSE_HAL_DRIVER -DSTM32F429xx -c -I../Inc -I"/home/pato/Embebidos/CESE/PdM_workspace/Practica1_template/Drivers/STM32F4xx_HAL_Driver/Inc" -I"/home/pato/Embebidos/CESE/PdM_workspace/Practica1_template/Drivers/CMSIS/Include" -I"/home/pato/Embebidos/CESE/PdM_workspace/Practica1_template/Drivers/CMSIS/Device/ST/STM32F4xx/Include" -I"/home/pato/Embebidos/CESE/PdM_workspace/Practica1_template/Drivers/BSP/STM32F4xx_Nucleo_144" -I"/home/pato/Embebidos/CESE/PdM_workspace/Practica1_template/Drivers/Core/Inc" -O0 -ffunction-sections -fdata-sections -Wall -fstack-usage -MMD -MP -MF"Drivers/STM32F4xx_HAL_Driver/Src/stm32f4xx_hal_i2c.d" -MT"Drivers/STM32F4xx_HAL_Driver/Src/stm32f4xx_hal_i2c.o" --specs=nano.specs -mfpu=fpv4-sp-d16 -mfloat-abi=hard -mthumb -o "Drivers/STM32F4xx_HAL_Driver/Src/stm32f4xx_hal_i2c.o"
arm-none-eabi-gcc "../Drivers/STM32F4xx_HAL_Driver/Src/stm32f4xx_hal_i2c_ex.c" -mcpu=cortex-m4 -std=gnu11 -g3 -DDEBUG -DSTM32 -DSTM32F429ZITx -DSTM32F4 -DNUCLEO_F429ZI -DUSE_HAL_DRIVER -DSTM32F429xx -c -I../Inc -I"/home/pato/Embebidos/CESE/PdM_workspace/Practica1_template/Drivers/STM32F4xx_HAL_Driver/Inc" -I"/home/pato/Embebidos/CESE/PdM_workspace/Practica1_template/Drivers/CMSIS/Include" -I"/home/pato/Embebidos/CESE/PdM_workspace/Practica1_template/Drivers/CMSIS/Device/ST/STM32F4xx/Include" -I"/home/pato/Embebidos/CESE/PdM_workspace/Practica1_template/Drivers/BSP/STM32F4xx_Nucleo_144" -I"/home/pato/Embebidos/CESE/PdM_workspace/Practica1_template/Drivers/Core/Inc" -O0 -ffunction-sections -fdata-sections -Wall -fstack-usage -MMD -MP -MF"Drivers/STM32F4xx_HAL_Driver/Src/stm32f4xx_hal_i2c_ex.d" -MT"Drivers/STM32F4xx_HAL_Driver/Src/stm32f4xx_hal_i2c_ex.o" --specs=nano.specs -mfpu=fpv4-sp-d16 -mfloat-abi=hard -mthumb -o "Drivers/STM32F4xx_HAL_Driver/Src/stm32f4xx_hal_i2c_ex.o"
arm-none-eabi-gcc "../Drivers/STM32F4xx_HAL_Driver/Src/stm32f4xx_hal_i2s.c" -mcpu=cortex-m4 -std=gnu11 -g3 -DDEBUG -DSTM32 -DSTM32F429ZITx -DSTM32F4 -DNUCLEO_F429ZI -DUSE_HAL_DRIVER -DSTM32F429xx -c -I../Inc -I"/home/pato/Embebidos/CESE/PdM_workspace/Practica1_template/Drivers/STM32F4xx_HAL_Driver/Inc" -I"/home/pato/Embebidos/CESE/PdM_workspace/Practica1_template/Drivers/CMSIS/Include" -I"/home/pato/Embebidos/CESE/PdM_workspace/Practica1_template/Drivers/CMSIS/Device/ST/STM32F4xx/Include" -I"/home/pato/Embebidos/CESE/PdM_workspace/Practica1_template/Drivers/BSP/STM32F4xx_Nucleo_144" -I"/home/pato/Embebidos/CESE/PdM_workspace/Practica1_template/Drivers/Core/Inc" -O0 -ffunction-sections -fdata-sections -Wall -fstack-usage -MMD -MP -MF"Drivers/STM32F4xx_HAL_Driver/Src/stm32f4xx_hal_i2s.d" -MT"Drivers/STM32F4xx_HAL_Driver/Src/stm32f4xx_hal_i2s.o" --specs=nano.specs -mfpu=fpv4-sp-d16 -mfloat-abi=hard -mthumb -o "Drivers/STM32F4xx_HAL_Driver/Src/stm32f4xx_hal_i2s.o"
arm-none-eabi-gcc "../Drivers/STM32F4xx_HAL_Driver/Src/stm32f4xx_hal_i2s_ex.c" -mcpu=cortex-m4 -std=gnu11 -g3 -DDEBUG -DSTM32 -DSTM32F429ZITx -DSTM32F4 -DNUCLEO_F429ZI -DUSE_HAL_DRIVER -DSTM32F429xx -c -I../Inc -I"/home/pato/Embebidos/CESE/PdM_workspace/Practica1_template/Drivers/STM32F4xx_HAL_Driver/Inc" -I"/home/pato/Embebidos/CESE/PdM_workspace/Practica1_template/Drivers/CMSIS/Include" -I"/home/pato/Embebidos/CESE/PdM_workspace/Practica1_template/Drivers/CMSIS/Device/ST/STM32F4xx/Include" -I"/home/pato/Embebidos/CESE/PdM_workspace/Practica1_template/Drivers/BSP/STM32F4xx_Nucleo_144" -I"/home/pato/Embebidos/CESE/PdM_workspace/Practica1_template/Drivers/Core/Inc" -O0 -ffunction-sections -fdata-sections -Wall -fstack-usage -MMD -MP -MF"Drivers/STM32F4xx_HAL_Driver/Src/stm32f4xx_hal_i2s_ex.d" -MT"Drivers/STM32F4xx_HAL_Driver/Src/stm32f4xx_hal_i2s_ex.o" --specs=nano.specs -mfpu=fpv4-sp-d16 -mfloat-abi=hard -mthumb -o "Drivers/STM32F4xx_HAL_Driver/Src/stm32f4xx_hal_i2s_ex.o"
arm-none-eabi-gcc "../Drivers/STM32F4xx_HAL_Driver/Src/stm32f4xx_hal_irda.c" -mcpu=cortex-m4 -std=gnu11 -g3 -DDEBUG -DSTM32 -DSTM32F429ZITx -DSTM32F4 -DNUCLEO_F429ZI -DUSE_HAL_DRIVER -DSTM32F429xx -c -I../Inc -I"/home/pato/Embebidos/CESE/PdM_workspace/Practica1_template/Drivers/STM32F4xx_HAL_Driver/Inc" -I"/home/pato/Embebidos/CESE/PdM_workspace/Practica1_template/Drivers/CMSIS/Include" -I"/home/pato/Embebidos/CESE/PdM_workspace/Practica1_template/Drivers/CMSIS/Device/ST/STM32F4xx/Include" -I"/home/pato/Embebidos/CESE/PdM_workspace/Practica1_template/Drivers/BSP/STM32F4xx_Nucleo_144" -I"/home/pato/Embebidos/CESE/PdM_workspace/Practica1_template/Drivers/Core/Inc" -O0 -ffunction-sections -fdata-sections -Wall -fstack-usage -MMD -MP -MF"Drivers/STM32F4xx_HAL_Driver/Src/stm32f4xx_hal_irda.d" -MT"Drivers/STM32F4xx_HAL_Driver/Src/stm32f4xx_hal_irda.o" --specs=nano.specs -mfpu=fpv4-sp-d16 -mfloat-abi=hard -mthumb -o "Drivers/STM32F4xx_HAL_Driver/Src/stm32f4xx_hal_irda.o"
arm-none-eabi-gcc "../Drivers/STM32F4xx_HAL_Driver/Src/stm32f4xx_hal_iwdg.c" -mcpu=cortex-m4 -std=gnu11 -g3 -DDEBUG -DSTM32 -DSTM32F429ZITx -DSTM32F4 -DNUCLEO_F429ZI -DUSE_HAL_DRIVER -DSTM32F429xx -c -I../Inc -I"/home/pato/Embebidos/CESE/PdM_workspace/Practica1_template/Drivers/STM32F4xx_HAL_Driver/Inc" -I"/home/pato/Embebidos/CESE/PdM_workspace/Practica1_template/Drivers/CMSIS/Include" -I"/home/pato/Embebidos/CESE/PdM_workspace/Practica1_template/Drivers/CMSIS/Device/ST/STM32F4xx/Include" -I"/home/pato/Embebidos/CESE/PdM_workspace/Practica1_template/Drivers/BSP/STM32F4xx_Nucleo_144" -I"/home/pato/Embebidos/CESE/PdM_workspace/Practica1_template/Drivers/Core/Inc" -O0 -ffunction-sections -fdata-sections -Wall -fstack-usage -MMD -MP -MF"Drivers/STM32F4xx_HAL_Driver/Src/stm32f4xx_hal_iwdg.d" -MT"Drivers/STM32F4xx_HAL_Driver/Src/stm32f4xx_hal_iwdg.o" --specs=nano.specs -mfpu=fpv4-sp-d16 -mfloat-abi=hard -mthumb -o "Drivers/STM32F4xx_HAL_Driver/Src/stm32f4xx_hal_iwdg.o"
arm-none-eabi-gcc "../Drivers/STM32F4xx_HAL_Driver/Src/stm32f4xx_hal_lptim.c" -mcpu=cortex-m4 -std=gnu11 -g3 -DDEBUG -DSTM32 -DSTM32F429ZITx -DSTM32F4 -DNUCLEO_F429ZI -DUSE_HAL_DRIVER -DSTM32F429xx -c -I../Inc -I"/home/pato/Embebidos/CESE/PdM_workspace/Practica1_template/Drivers/STM32F4xx_HAL_Driver/Inc" -I"/home/pato/Embebidos/CESE/PdM_workspace/Practica1_template/Drivers/CMSIS/Include" -I"/home/pato/Embebidos/CESE/PdM_workspace/Practica1_template/Drivers/CMSIS/Device/ST/STM32F4xx/Include" -I"/home/pato/Embebidos/CESE/PdM_workspace/Practica1_template/Drivers/BSP/STM32F4xx_Nucleo_144" -I"/home/pato/Embebidos/CESE/PdM_workspace/Practica1_template/Drivers/Core/Inc" -O0 -ffunction-sections -fdata-sections -Wall -fstack-usage -MMD -MP -MF"Drivers/STM32F4xx_HAL_Driver/Src/stm32f4xx_hal_lptim.d" -MT"Drivers/STM32F4xx_HAL_Driver/Src/stm32f4xx_hal_lptim.o" --specs=nano.specs -mfpu=fpv4-sp-d16 -mfloat-abi=hard -mthumb -o "Drivers/STM32F4xx_HAL_Driver/Src/stm32f4xx_hal_lptim.o"
arm-none-eabi-gcc "../Drivers/STM32F4xx_HAL_Driver/Src/stm32f4xx_hal_ltdc.c" -mcpu=cortex-m4 -std=gnu11 -g3 -DDEBUG -DSTM32 -DSTM32F429ZITx -DSTM32F4 -DNUCLEO_F429ZI -DUSE_HAL_DRIVER -DSTM32F429xx -c -I../Inc -I"/home/pato/Embebidos/CESE/PdM_workspace/Practica1_template/Drivers/STM32F4xx_HAL_Driver/Inc" -I"/home/pato/Embebidos/CESE/PdM_workspace/Practica1_template/Drivers/CMSIS/Include" -I"/home/pato/Embebidos/CESE/PdM_workspace/Practica1_template/Drivers/CMSIS/Device/ST/STM32F4xx/Include" -I"/home/pato/Embebidos/CESE/PdM_workspace/Practica1_template/Drivers/BSP/STM32F4xx_Nucleo_144" -I"/home/pato/Embebidos/CESE/PdM_workspace/Practica1_template/Drivers/Core/Inc" -O0 -ffunction-sections -fdata-sections -Wall -fstack-usage -MMD -MP -MF"Drivers/STM32F4xx_HAL_Driver/Src/stm32f4xx_hal_ltdc.d" -MT"Drivers/STM32F4xx_HAL_Driver/Src/stm32f4xx_hal_ltdc.o" --specs=nano.specs -mfpu=fpv4-sp-d16 -mfloat-abi=hard -mthumb -o "Drivers/STM32F4xx_HAL_Driver/Src/stm32f4xx_hal_ltdc.o"
arm-none-eabi-gcc "../Drivers/STM32F4xx_HAL_Driver/Src/stm32f4xx_hal_ltdc_ex.c" -mcpu=cortex-m4 -std=gnu11 -g3 -DDEBUG -DSTM32 -DSTM32F429ZITx -DSTM32F4 -DNUCLEO_F429ZI -DUSE_HAL_DRIVER -DSTM32F429xx -c -I../Inc -I"/home/pato/Embebidos/CESE/PdM_workspace/Practica1_template/Drivers/STM32F4xx_HAL_Driver/Inc" -I"/home/pato/Embebidos/CESE/PdM_workspace/Practica1_template/Drivers/CMSIS/Include" -I"/home/pato/Embebidos/CESE/PdM_workspace/Practica1_template/Drivers/CMSIS/Device/ST/STM32F4xx/Include" -I"/home/pato/Embebidos/CESE/PdM_workspace/Practica1_template/Drivers/BSP/STM32F4xx_Nucleo_144" -I"/home/pato/Embebidos/CESE/PdM_workspace/Practica1_template/Drivers/Core/Inc" -O0 -ffunction-sections -fdata-sections -Wall -fstack-usage -MMD -MP -MF"Drivers/STM32F4xx_HAL_Driver/Src/stm32f4xx_hal_ltdc_ex.d" -MT"Drivers/STM32F4xx_HAL_Driver/Src/stm32f4xx_hal_ltdc_ex.o" --specs=nano.specs -mfpu=fpv4-sp-d16 -mfloat-abi=hard -mthumb -o "Drivers/STM32F4xx_HAL_Driver/Src/stm32f4xx_hal_ltdc_ex.o"
arm-none-eabi-gcc "../Drivers/STM32F4xx_HAL_Driver/Src/stm32f4xx_hal_mmc.c" -mcpu=cortex-m4 -std=gnu11 -g3 -DDEBUG -DSTM32 -DSTM32F429ZITx -DSTM32F4 -DNUCLEO_F429ZI -DUSE_HAL_DRIVER -DSTM32F429xx -c -I../Inc -I"/home/pato/Embebidos/CESE/PdM_workspace/Practica1_template/Drivers/STM32F4xx_HAL_Driver/Inc" -I"/home/pato/Embebidos/CESE/PdM_workspace/Practica1_template/Drivers/CMSIS/Include" -I"/home/pato/Embebidos/CESE/PdM_workspace/Practica1_template/Drivers/CMSIS/Device/ST/STM32F4xx/Include" -I"/home/pato/Embebidos/CESE/PdM_workspace/Practica1_template/Drivers/BSP/STM32F4xx_Nucleo_144" -I"/home/pato/Embebidos/CESE/PdM_workspace/Practica1_template/Drivers/Core/Inc" -O0 -ffunction-sections -fdata-sections -Wall -fstack-usage -MMD -MP -MF"Drivers/STM32F4xx_HAL_Driver/Src/stm32f4xx_hal_mmc.d" -MT"Drivers/STM32F4xx_HAL_Driver/Src/stm32f4xx_hal_mmc.o" --specs=nano.specs -mfpu=fpv4-sp-d16 -mfloat-abi=hard -mthumb -o "Drivers/STM32F4xx_HAL_Driver/Src/stm32f4xx_hal_mmc.o"
arm-none-eabi-gcc "../Drivers/STM32F4xx_HAL_Driver/Src/stm32f4xx_hal_msp_template.c" -mcpu=cortex-m4 -std=gnu11 -g3 -DDEBUG -DSTM32 -DSTM32F429ZITx -DSTM32F4 -DNUCLEO_F429ZI -DUSE_HAL_DRIVER -DSTM32F429xx -c -I../Inc -I"/home/pato/Embebidos/CESE/PdM_workspace/Practica1_template/Drivers/STM32F4xx_HAL_Driver/Inc" -I"/home/pato/Embebidos/CESE/PdM_workspace/Practica1_template/Drivers/CMSIS/Include" -I"/home/pato/Embebidos/CESE/PdM_workspace/Practica1_template/Drivers/CMSIS/Device/ST/STM32F4xx/Include" -I"/home/pato/Embebidos/CESE/PdM_workspace/Practica1_template/Drivers/BSP/STM32F4xx_Nucleo_144" -I"/home/pato/Embebidos/CESE/PdM_workspace/Practica1_template/Drivers/Core/Inc" -O0 -ffunction-sections -fdata-sections -Wall -fstack-usage -MMD -MP -MF"Drivers/STM32F4xx_HAL_Driver/Src/stm32f4xx_hal_msp_template.d" -MT"Drivers/STM32F4xx_HAL_Driver/Src/stm32f4xx_hal_msp_template.o" --specs=nano.specs -mfpu=fpv4-sp-d16 -mfloat-abi=hard -mthumb -o "Drivers/STM32F4xx_HAL_Driver/Src/stm32f4xx_hal_msp_template.o"
arm-none-eabi-gcc "../Drivers/STM32F4xx_HAL_Driver/Src/stm32f4xx_hal_nand.c" -mcpu=cortex-m4 -std=gnu11 -g3 -DDEBUG -DSTM32 -DSTM32F429ZITx -DSTM32F4 -DNUCLEO_F429ZI -DUSE_HAL_DRIVER -DSTM32F429xx -c -I../Inc -I"/home/pato/Embebidos/CESE/PdM_workspace/Practica1_template/Drivers/STM32F4xx_HAL_Driver/Inc" -I"/home/pato/Embebidos/CESE/PdM_workspace/Practica1_template/Drivers/CMSIS/Include" -I"/home/pato/Embebidos/CESE/PdM_workspace/Practica1_template/Drivers/CMSIS/Device/ST/STM32F4xx/Include" -I"/home/pato/Embebidos/CESE/PdM_workspace/Practica1_template/Drivers/BSP/STM32F4xx_Nucleo_144" -I"/home/pato/Embebidos/CESE/PdM_workspace/Practica1_template/Drivers/Core/Inc" -O0 -ffunction-sections -fdata-sections -Wall -fstack-usage -MMD -MP -MF"Drivers/STM32F4xx_HAL_Driver/Src/stm32f4xx_hal_nand.d" -MT"Drivers/STM32F4xx_HAL_Driver/Src/stm32f4xx_hal_nand.o" --specs=nano.specs -mfpu=fpv4-sp-d16 -mfloat-abi=hard -mthumb -o "Drivers/STM32F4xx_HAL_Driver/Src/stm32f4xx_hal_nand.o"
arm-none-eabi-gcc "../Drivers/STM32F4xx_HAL_Driver/Src/stm32f4xx_hal_nor.c" -mcpu=cortex-m4 -std=gnu11 -g3 -DDEBUG -DSTM32 -DSTM32F429ZITx -DSTM32F4 -DNUCLEO_F429ZI -DUSE_HAL_DRIVER -DSTM32F429xx -c -I../Inc -I"/home/pato/Embebidos/CESE/PdM_workspace/Practica1_template/Drivers/STM32F4xx_HAL_Driver/Inc" -I"/home/pato/Embebidos/CESE/PdM_workspace/Practica1_template/Drivers/CMSIS/Include" -I"/home/pato/Embebidos/CESE/PdM_workspace/Practica1_template/Drivers/CMSIS/Device/ST/STM32F4xx/Include" -I"/home/pato/Embebidos/CESE/PdM_workspace/Practica1_template/Drivers/BSP/STM32F4xx_Nucleo_144" -I"/home/pato/Embebidos/CESE/PdM_workspace/Practica1_template/Drivers/Core/Inc" -O0 -ffunction-sections -fdata-sections -Wall -fstack-usage -MMD -MP -MF"Drivers/STM32F4xx_HAL_Driver/Src/stm32f4xx_hal_nor.d" -MT"Drivers/STM32F4xx_HAL_Driver/Src/stm32f4xx_hal_nor.o" --specs=nano.specs -mfpu=fpv4-sp-d16 -mfloat-abi=hard -mthumb -o "Drivers/STM32F4xx_HAL_Driver/Src/stm32f4xx_hal_nor.o"
arm-none-eabi-gcc "../Drivers/STM32F4xx_HAL_Driver/Src/stm32f4xx_hal_pccard.c" -mcpu=cortex-m4 -std=gnu11 -g3 -DDEBUG -DSTM32 -DSTM32F429ZITx -DSTM32F4 -DNUCLEO_F429ZI -DUSE_HAL_DRIVER -DSTM32F429xx -c -I../Inc -I"/home/pato/Embebidos/CESE/PdM_workspace/Practica1_template/Drivers/STM32F4xx_HAL_Driver/Inc" -I"/home/pato/Embebidos/CESE/PdM_workspace/Practica1_template/Drivers/CMSIS/Include" -I"/home/pato/Embebidos/CESE/PdM_workspace/Practica1_template/Drivers/CMSIS/Device/ST/STM32F4xx/Include" -I"/home/pato/Embebidos/CESE/PdM_workspace/Practica1_template/Drivers/BSP/STM32F4xx_Nucleo_144" -I"/home/pato/Embebidos/CESE/PdM_workspace/Practica1_template/Drivers/Core/Inc" -O0 -ffunction-sections -fdata-sections -Wall -fstack-usage -MMD -MP -MF"Drivers/STM32F4xx_HAL_Driver/Src/stm32f4xx_hal_pccard.d" -MT"Drivers/STM32F4xx_HAL_Driver/Src/stm32f4xx_hal_pccard.o" --specs=nano.specs -mfpu=fpv4-sp-d16 -mfloat-abi=hard -mthumb -o "Drivers/STM32F4xx_HAL_Driver/Src/stm32f4xx_hal_pccard.o"
arm-none-eabi-gcc "../Drivers/STM32F4xx_HAL_Driver/Src/stm32f4xx_hal_pcd.c" -mcpu=cortex-m4 -std=gnu11 -g3 -DDEBUG -DSTM32 -DSTM32F429ZITx -DSTM32F4 -DNUCLEO_F429ZI -DUSE_HAL_DRIVER -DSTM32F429xx -c -I../Inc -I"/home/pato/Embebidos/CESE/PdM_workspace/Practica1_template/Drivers/STM32F4xx_HAL_Driver/Inc" -I"/home/pato/Embebidos/CESE/PdM_workspace/Practica1_template/Drivers/CMSIS/Include" -I"/home/pato/Embebidos/CESE/PdM_workspace/Practica1_template/Drivers/CMSIS/Device/ST/STM32F4xx/Include" -I"/home/pato/Embebidos/CESE/PdM_workspace/Practica1_template/Drivers/BSP/STM32F4xx_Nucleo_144" -I"/home/pato/Embebidos/CESE/PdM_workspace/Practica1_template/Drivers/Core/Inc" -O0 -ffunction-sections -fdata-sections -Wall -fstack-usage -MMD -MP -MF"Drivers/STM32F4xx_HAL_Driver/Src/stm32f4xx_hal_pcd.d" -MT"Drivers/STM32F4xx_HAL_Driver/Src/stm32f4xx_hal_pcd.o" --specs=nano.specs -mfpu=fpv4-sp-d16 -mfloat-abi=hard -mthumb -o "Drivers/STM32F4xx_HAL_Driver/Src/stm32f4xx_hal_pcd.o"
arm-none-eabi-gcc "../Drivers/STM32F4xx_HAL_Driver/Src/stm32f4xx_hal_pcd_ex.c" -mcpu=cortex-m4 -std=gnu11 -g3 -DDEBUG -DSTM32 -DSTM32F429ZITx -DSTM32F4 -DNUCLEO_F429ZI -DUSE_HAL_DRIVER -DSTM32F429xx -c -I../Inc -I"/home/pato/Embebidos/CESE/PdM_workspace/Practica1_template/Drivers/STM32F4xx_HAL_Driver/Inc" -I"/home/pato/Embebidos/CESE/PdM_workspace/Practica1_template/Drivers/CMSIS/Include" -I"/home/pato/Embebidos/CESE/PdM_workspace/Practica1_template/Drivers/CMSIS/Device/ST/STM32F4xx/Include" -I"/home/pato/Embebidos/CESE/PdM_workspace/Practica1_template/Drivers/BSP/STM32F4xx_Nucleo_144" -I"/home/pato/Embebidos/CESE/PdM_workspace/Practica1_template/Drivers/Core/Inc" -O0 -ffunction-sections -fdata-sections -Wall -fstack-usage -MMD -MP -MF"Drivers/STM32F4xx_HAL_Driver/Src/stm32f4xx_hal_pcd_ex.d" -MT"Drivers/STM32F4xx_HAL_Driver/Src/stm32f4xx_hal_pcd_ex.o" --specs=nano.specs -mfpu=fpv4-sp-d16 -mfloat-abi=hard -mthumb -o "Drivers/STM32F4xx_HAL_Driver/Src/stm32f4xx_hal_pcd_ex.o"
arm-none-eabi-gcc "../Drivers/STM32F4xx_HAL_Driver/Src/stm32f4xx_hal_pwr.c" -mcpu=cortex-m4 -std=gnu11 -g3 -DDEBUG -DSTM32 -DSTM32F429ZITx -DSTM32F4 -DNUCLEO_F429ZI -DUSE_HAL_DRIVER -DSTM32F429xx -c -I../Inc -I"/home/pato/Embebidos/CESE/PdM_workspace/Practica1_template/Drivers/STM32F4xx_HAL_Driver/Inc" -I"/home/pato/Embebidos/CESE/PdM_workspace/Practica1_template/Drivers/CMSIS/Include" -I"/home/pato/Embebidos/CESE/PdM_workspace/Practica1_template/Drivers/CMSIS/Device/ST/STM32F4xx/Include" -I"/home/pato/Embebidos/CESE/PdM_workspace/Practica1_template/Drivers/BSP/STM32F4xx_Nucleo_144" -I"/home/pato/Embebidos/CESE/PdM_workspace/Practica1_template/Drivers/Core/Inc" -O0 -ffunction-sections -fdata-sections -Wall -fstack-usage -MMD -MP -MF"Drivers/STM32F4xx_HAL_Driver/Src/stm32f4xx_hal_pwr.d" -MT"Drivers/STM32F4xx_HAL_Driver/Src/stm32f4xx_hal_pwr.o" --specs=nano.specs -mfpu=fpv4-sp-d16 -mfloat-abi=hard -mthumb -o "Drivers/STM32F4xx_HAL_Driver/Src/stm32f4xx_hal_pwr.o"
arm-none-eabi-gcc "../Drivers/STM32F4xx_HAL_Driver/Src/stm32f4xx_hal_pwr_ex.c" -mcpu=cortex-m4 -std=gnu11 -g3 -DDEBUG -DSTM32 -DSTM32F429ZITx -DSTM32F4 -DNUCLEO_F429ZI -DUSE_HAL_DRIVER -DSTM32F429xx -c -I../Inc -I"/home/pato/Embebidos/CESE/PdM_workspace/Practica1_template/Drivers/STM32F4xx_HAL_Driver/Inc" -I"/home/pato/Embebidos/CESE/PdM_workspace/Practica1_template/Drivers/CMSIS/Include" -I"/home/pato/Embebidos/CESE/PdM_workspace/Practica1_template/Drivers/CMSIS/Device/ST/STM32F4xx/Include" -I"/home/pato/Embebidos/CESE/PdM_workspace/Practica1_template/Drivers/BSP/STM32F4xx_Nucleo_144" -I"/home/pato/Embebidos/CESE/PdM_workspace/Practica1_template/Drivers/Core/Inc" -O0 -ffunction-sections -fdata-sections -Wall -fstack-usage -MMD -MP -MF"Drivers/STM32F4xx_HAL_Driver/Src/stm32f4xx_hal_pwr_ex.d" -MT"Drivers/STM32F4xx_HAL_Driver/Src/stm32f4xx_hal_pwr_ex.o" --specs=nano.specs -mfpu=fpv4-sp-d16 -mfloat-abi=hard -mthumb -o "Drivers/STM32F4xx_HAL_Driver/Src/stm32f4xx_hal_pwr_ex.o"
arm-none-eabi-gcc "../Drivers/STM32F4xx_HAL_Driver/Src/stm32f4xx_hal_qspi.c" -mcpu=cortex-m4 -std=gnu11 -g3 -DDEBUG -DSTM32 -DSTM32F429ZITx -DSTM32F4 -DNUCLEO_F429ZI -DUSE_HAL_DRIVER -DSTM32F429xx -c -I../Inc -I"/home/pato/Embebidos/CESE/PdM_workspace/Practica1_template/Drivers/STM32F4xx_HAL_Driver/Inc" -I"/home/pato/Embebidos/CESE/PdM_workspace/Practica1_template/Drivers/CMSIS/Include" -I"/home/pato/Embebidos/CESE/PdM_workspace/Practica1_template/Drivers/CMSIS/Device/ST/STM32F4xx/Include" -I"/home/pato/Embebidos/CESE/PdM_workspace/Practica1_template/Drivers/BSP/STM32F4xx_Nucleo_144" -I"/home/pato/Embebidos/CESE/PdM_workspace/Practica1_template/Drivers/Core/Inc" -O0 -ffunction-sections -fdata-sections -Wall -fstack-usage -MMD -MP -MF"Drivers/STM32F4xx_HAL_Driver/Src/stm32f4xx_hal_qspi.d" -MT"Drivers/STM32F4xx_HAL_Driver/Src/stm32f4xx_hal_qspi.o" --specs=nano.specs -mfpu=fpv4-sp-d16 -mfloat-abi=hard -mthumb -o "Drivers/STM32F4xx_HAL_Driver/Src/stm32f4xx_hal_qspi.o"
arm-none-eabi-gcc "../Drivers/STM32F4xx_HAL_Driver/Src/stm32f4xx_hal_rcc.c" -mcpu=cortex-m4 -std=gnu11 -g3 -DDEBUG -DSTM32 -DSTM32F429ZITx -DSTM32F4 -DNUCLEO_F429ZI -DUSE_HAL_DRIVER -DSTM32F429xx -c -I../Inc -I"/home/pato/Embebidos/CESE/PdM_workspace/Practica1_template/Drivers/STM32F4xx_HAL_Driver/Inc" -I"/home/pato/Embebidos/CESE/PdM_workspace/Practica1_template/Drivers/CMSIS/Include" -I"/home/pato/Embebidos/CESE/PdM_workspace/Practica1_template/Drivers/CMSIS/Device/ST/STM32F4xx/Include" -I"/home/pato/Embebidos/CESE/PdM_workspace/Practica1_template/Drivers/BSP/STM32F4xx_Nucleo_144" -I"/home/pato/Embebidos/CESE/PdM_workspace/Practica1_template/Drivers/Core/Inc" -O0 -ffunction-sections -fdata-sections -Wall -fstack-usage -MMD -MP -MF"Drivers/STM32F4xx_HAL_Driver/Src/stm32f4xx_hal_rcc.d" -MT"Drivers/STM32F4xx_HAL_Driver/Src/stm32f4xx_hal_rcc.o" --specs=nano.specs -mfpu=fpv4-sp-d16 -mfloat-abi=hard -mthumb -o "Drivers/STM32F4xx_HAL_Driver/Src/stm32f4xx_hal_rcc.o"
arm-none-eabi-gcc "../Drivers/STM32F4xx_HAL_Driver/Src/stm32f4xx_hal_rcc_ex.c" -mcpu=cortex-m4 -std=gnu11 -g3 -DDEBUG -DSTM32 -DSTM32F429ZITx -DSTM32F4 -DNUCLEO_F429ZI -DUSE_HAL_DRIVER -DSTM32F429xx -c -I../Inc -I"/home/pato/Embebidos/CESE/PdM_workspace/Practica1_template/Drivers/STM32F4xx_HAL_Driver/Inc" -I"/home/pato/Embebidos/CESE/PdM_workspace/Practica1_template/Drivers/CMSIS/Include" -I"/home/pato/Embebidos/CESE/PdM_workspace/Practica1_template/Drivers/CMSIS/Device/ST/STM32F4xx/Include" -I"/home/pato/Embebidos/CESE/PdM_workspace/Practica1_template/Drivers/BSP/STM32F4xx_Nucleo_144" -I"/home/pato/Embebidos/CESE/PdM_workspace/Practica1_template/Drivers/Core/Inc" -O0 -ffunction-sections -fdata-sections -Wall -fstack-usage -MMD -MP -MF"Drivers/STM32F4xx_HAL_Driver/Src/stm32f4xx_hal_rcc_ex.d" -MT"Drivers/STM32F4xx_HAL_Driver/Src/stm32f4xx_hal_rcc_ex.o" --specs=nano.specs -mfpu=fpv4-sp-d16 -mfloat-abi=hard -mthumb -o "Drivers/STM32F4xx_HAL_Driver/Src/stm32f4xx_hal_rcc_ex.o"
arm-none-eabi-gcc "../Drivers/STM32F4xx_HAL_Driver/Src/stm32f4xx_hal_rng.c" -mcpu=cortex-m4 -std=gnu11 -g3 -DDEBUG -DSTM32 -DSTM32F429ZITx -DSTM32F4 -DNUCLEO_F429ZI -DUSE_HAL_DRIVER -DSTM32F429xx -c -I../Inc -I"/home/pato/Embebidos/CESE/PdM_workspace/Practica1_template/Drivers/STM32F4xx_HAL_Driver/Inc" -I"/home/pato/Embebidos/CESE/PdM_workspace/Practica1_template/Drivers/CMSIS/Include" -I"/home/pato/Embebidos/CESE/PdM_workspace/Practica1_template/Drivers/CMSIS/Device/ST/STM32F4xx/Include" -I"/home/pato/Embebidos/CESE/PdM_workspace/Practica1_template/Drivers/BSP/STM32F4xx_Nucleo_144" -I"/home/pato/Embebidos/CESE/PdM_workspace/Practica1_template/Drivers/Core/Inc" -O0 -ffunction-sections -fdata-sections -Wall -fstack-usage -MMD -MP -MF"Drivers/STM32F4xx_HAL_Driver/Src/stm32f4xx_hal_rng.d" -MT"Drivers/STM32F4xx_HAL_Driver/Src/stm32f4xx_hal_rng.o" --specs=nano.specs -mfpu=fpv4-sp-d16 -mfloat-abi=hard -mthumb -o "Drivers/STM32F4xx_HAL_Driver/Src/stm32f4xx_hal_rng.o"
arm-none-eabi-gcc "../Drivers/STM32F4xx_HAL_Driver/Src/stm32f4xx_hal_rtc.c" -mcpu=cortex-m4 -std=gnu11 -g3 -DDEBUG -DSTM32 -DSTM32F429ZITx -DSTM32F4 -DNUCLEO_F429ZI -DUSE_HAL_DRIVER -DSTM32F429xx -c -I../Inc -I"/home/pato/Embebidos/CESE/PdM_workspace/Practica1_template/Drivers/STM32F4xx_HAL_Driver/Inc" -I"/home/pato/Embebidos/CESE/PdM_workspace/Practica1_template/Drivers/CMSIS/Include" -I"/home/pato/Embebidos/CESE/PdM_workspace/Practica1_template/Drivers/CMSIS/Device/ST/STM32F4xx/Include" -I"/home/pato/Embebidos/CESE/PdM_workspace/Practica1_template/Drivers/BSP/STM32F4xx_Nucleo_144" -I"/home/pato/Embebidos/CESE/PdM_workspace/Practica1_template/Drivers/Core/Inc" -O0 -ffunction-sections -fdata-sections -Wall -fstack-usage -MMD -MP -MF"Drivers/STM32F4xx_HAL_Driver/Src/stm32f4xx_hal_rtc.d" -MT"Drivers/STM32F4xx_HAL_Driver/Src/stm32f4xx_hal_rtc.o" --specs=nano.specs -mfpu=fpv4-sp-d16 -mfloat-abi=hard -mthumb -o "Drivers/STM32F4xx_HAL_Driver/Src/stm32f4xx_hal_rtc.o"
arm-none-eabi-gcc "../Drivers/STM32F4xx_HAL_Driver/Src/stm32f4xx_hal_rtc_ex.c" -mcpu=cortex-m4 -std=gnu11 -g3 -DDEBUG -DSTM32 -DSTM32F429ZITx -DSTM32F4 -DNUCLEO_F429ZI -DUSE_HAL_DRIVER -DSTM32F429xx -c -I../Inc -I"/home/pato/Embebidos/CESE/PdM_workspace/Practica1_template/Drivers/STM32F4xx_HAL_Driver/Inc" -I"/home/pato/Embebidos/CESE/PdM_workspace/Practica1_template/Drivers/CMSIS/Include" -I"/home/pato/Embebidos/CESE/PdM_workspace/Practica1_template/Drivers/CMSIS/Device/ST/STM32F4xx/Include" -I"/home/pato/Embebidos/CESE/PdM_workspace/Practica1_template/Drivers/BSP/STM32F4xx_Nucleo_144" -I"/home/pato/Embebidos/CESE/PdM_workspace/Practica1_template/Drivers/Core/Inc" -O0 -ffunction-sections -fdata-sections -Wall -fstack-usage -MMD -MP -MF"Drivers/STM32F4xx_HAL_Driver/Src/stm32f4xx_hal_rtc_ex.d" -MT"Drivers/STM32F4xx_HAL_Driver/Src/stm32f4xx_hal_rtc_ex.o" --specs=nano.specs -mfpu=fpv4-sp-d16 -mfloat-abi=hard -mthumb -o "Drivers/STM32F4xx_HAL_Driver/Src/stm32f4xx_hal_rtc_ex.o"
arm-none-eabi-gcc "../Drivers/STM32F4xx_HAL_Driver/Src/stm32f4xx_hal_sai.c" -mcpu=cortex-m4 -std=gnu11 -g3 -DDEBUG -DSTM32 -DSTM32F429ZITx -DSTM32F4 -DNUCLEO_F429ZI -DUSE_HAL_DRIVER -DSTM32F429xx -c -I../Inc -I"/home/pato/Embebidos/CESE/PdM_workspace/Practica1_template/Drivers/STM32F4xx_HAL_Driver/Inc" -I"/home/pato/Embebidos/CESE/PdM_workspace/Practica1_template/Drivers/CMSIS/Include" -I"/home/pato/Embebidos/CESE/PdM_workspace/Practica1_template/Drivers/CMSIS/Device/ST/STM32F4xx/Include" -I"/home/pato/Embebidos/CESE/PdM_workspace/Practica1_template/Drivers/BSP/STM32F4xx_Nucleo_144" -I"/home/pato/Embebidos/CESE/PdM_workspace/Practica1_template/Drivers/Core/Inc" -O0 -ffunction-sections -fdata-sections -Wall -fstack-usage -MMD -MP -MF"Drivers/STM32F4xx_HAL_Driver/Src/stm32f4xx_hal_sai.d" -MT"Drivers/STM32F4xx_HAL_Driver/Src/stm32f4xx_hal_sai.o" --specs=nano.specs -mfpu=fpv4-sp-d16 -mfloat-abi=hard -mthumb -o "Drivers/STM32F4xx_HAL_Driver/Src/stm32f4xx_hal_sai.o"
arm-none-eabi-gcc "../Drivers/STM32F4xx_HAL_Driver/Src/stm32f4xx_hal_sai_ex.c" -mcpu=cortex-m4 -std=gnu11 -g3 -DDEBUG -DSTM32 -DSTM32F429ZITx -DSTM32F4 -DNUCLEO_F429ZI -DUSE_HAL_DRIVER -DSTM32F429xx -c -I../Inc -I"/home/pato/Embebidos/CESE/PdM_workspace/Practica1_template/Drivers/STM32F4xx_HAL_Driver/Inc" -I"/home/pato/Embebidos/CESE/PdM_workspace/Practica1_template/Drivers/CMSIS/Include" -I"/home/pato/Embebidos/CESE/PdM_workspace/Practica1_template/Drivers/CMSIS/Device/ST/STM32F4xx/Include" -I"/home/pato/Embebidos/CESE/PdM_workspace/Practica1_template/Drivers/BSP/STM32F4xx_Nucleo_144" -I"/home/pato/Embebidos/CESE/PdM_workspace/Practica1_template/Drivers/Core/Inc" -O0 -ffunction-sections -fdata-sections -Wall -fstack-usage -MMD -MP -MF"Drivers/STM32F4xx_HAL_Driver/Src/stm32f4xx_hal_sai_ex.d" -MT"Drivers/STM32F4xx_HAL_Driver/Src/stm32f4xx_hal_sai_ex.o" --specs=nano.specs -mfpu=fpv4-sp-d16 -mfloat-abi=hard -mthumb -o "Drivers/STM32F4xx_HAL_Driver/Src/stm32f4xx_hal_sai_ex.o"
arm-none-eabi-gcc "../Drivers/STM32F4xx_HAL_Driver/Src/stm32f4xx_hal_sd.c" -mcpu=cortex-m4 -std=gnu11 -g3 -DDEBUG -DSTM32 -DSTM32F429ZITx -DSTM32F4 -DNUCLEO_F429ZI -DUSE_HAL_DRIVER -DSTM32F429xx -c -I../Inc -I"/home/pato/Embebidos/CESE/PdM_workspace/Practica1_template/Drivers/STM32F4xx_HAL_Driver/Inc" -I"/home/pato/Embebidos/CESE/PdM_workspace/Practica1_template/Drivers/CMSIS/Include" -I"/home/pato/Embebidos/CESE/PdM_workspace/Practica1_template/Drivers/CMSIS/Device/ST/STM32F4xx/Include" -I"/home/pato/Embebidos/CESE/PdM_workspace/Practica1_template/Drivers/BSP/STM32F4xx_Nucleo_144" -I"/home/pato/Embebidos/CESE/PdM_workspace/Practica1_template/Drivers/Core/Inc" -O0 -ffunction-sections -fdata-sections -Wall -fstack-usage -MMD -MP -MF"Drivers/STM32F4xx_HAL_Driver/Src/stm32f4xx_hal_sd.d" -MT"Drivers/STM32F4xx_HAL_Driver/Src/stm32f4xx_hal_sd.o" --specs=nano.specs -mfpu=fpv4-sp-d16 -mfloat-abi=hard -mthumb -o "Drivers/STM32F4xx_HAL_Driver/Src/stm32f4xx_hal_sd.o"
arm-none-eabi-gcc "../Drivers/STM32F4xx_HAL_Driver/Src/stm32f4xx_hal_sdram.c" -mcpu=cortex-m4 -std=gnu11 -g3 -DDEBUG -DSTM32 -DSTM32F429ZITx -DSTM32F4 -DNUCLEO_F429ZI -DUSE_HAL_DRIVER -DSTM32F429xx -c -I../Inc -I"/home/pato/Embebidos/CESE/PdM_workspace/Practica1_template/Drivers/STM32F4xx_HAL_Driver/Inc" -I"/home/pato/Embebidos/CESE/PdM_workspace/Practica1_template/Drivers/CMSIS/Include" -I"/home/pato/Embebidos/CESE/PdM_workspace/Practica1_template/Drivers/CMSIS/Device/ST/STM32F4xx/Include" -I"/home/pato/Embebidos/CESE/PdM_workspace/Practica1_template/Drivers/BSP/STM32F4xx_Nucleo_144" -I"/home/pato/Embebidos/CESE/PdM_workspace/Practica1_template/Drivers/Core/Inc" -O0 -ffunction-sections -fdata-sections -Wall -fstack-usage -MMD -MP -MF"Drivers/STM32F4xx_HAL_Driver/Src/stm32f4xx_hal_sdram.d" -MT"Drivers/STM32F4xx_HAL_Driver/Src/stm32f4xx_hal_sdram.o" --specs=nano.specs -mfpu=fpv4-sp-d16 -mfloat-abi=hard -mthumb -o "Drivers/STM32F4xx_HAL_Driver/Src/stm32f4xx_hal_sdram.o"
arm-none-eabi-gcc "../Drivers/STM32F4xx_HAL_Driver/Src/stm32f4xx_hal_smartcard.c" -mcpu=cortex-m4 -std=gnu11 -g3 -DDEBUG -DSTM32 -DSTM32F429ZITx -DSTM32F4 -DNUCLEO_F429ZI -DUSE_HAL_DRIVER -DSTM32F429xx -c -I../Inc -I"/home/pato/Embebidos/CESE/PdM_workspace/Practica1_template/Drivers/STM32F4xx_HAL_Driver/Inc" -I"/home/pato/Embebidos/CESE/PdM_workspace/Practica1_template/Drivers/CMSIS/Include" -I"/home/pato/Embebidos/CESE/PdM_workspace/Practica1_template/Drivers/CMSIS/Device/ST/STM32F4xx/Include" -I"/home/pato/Embebidos/CESE/PdM_workspace/Practica1_template/Drivers/BSP/STM32F4xx_Nucleo_144" -I"/home/pato/Embebidos/CESE/PdM_workspace/Practica1_template/Drivers/Core/Inc" -O0 -ffunction-sections -fdata-sections -Wall -fstack-usage -MMD -MP -MF"Drivers/STM32F4xx_HAL_Driver/Src/stm32f4xx_hal_smartcard.d" -MT"Drivers/STM32F4xx_HAL_Driver/Src/stm32f4xx_hal_smartcard.o" --specs=nano.specs -mfpu=fpv4-sp-d16 -mfloat-abi=hard -mthumb -o "Drivers/STM32F4xx_HAL_Driver/Src/stm32f4xx_hal_smartcard.o"
arm-none-eabi-gcc "../Drivers/STM32F4xx_HAL_Driver/Src/stm32f4xx_hal_smbus.c" -mcpu=cortex-m4 -std=gnu11 -g3 -DDEBUG -DSTM32 -DSTM32F429ZITx -DSTM32F4 -DNUCLEO_F429ZI -DUSE_HAL_DRIVER -DSTM32F429xx -c -I../Inc -I"/home/pato/Embebidos/CESE/PdM_workspace/Practica1_template/Drivers/STM32F4xx_HAL_Driver/Inc" -I"/home/pato/Embebidos/CESE/PdM_workspace/Practica1_template/Drivers/CMSIS/Include" -I"/home/pato/Embebidos/CESE/PdM_workspace/Practica1_template/Drivers/CMSIS/Device/ST/STM32F4xx/Include" -I"/home/pato/Embebidos/CESE/PdM_workspace/Practica1_template/Drivers/BSP/STM32F4xx_Nucleo_144" -I"/home/pato/Embebidos/CESE/PdM_workspace/Practica1_template/Drivers/Core/Inc" -O0 -ffunction-sections -fdata-sections -Wall -fstack-usage -MMD -MP -MF"Drivers/STM32F4xx_HAL_Driver/Src/stm32f4xx_hal_smbus.d" -MT"Drivers/STM32F4xx_HAL_Driver/Src/stm32f4xx_hal_smbus.o" --specs=nano.specs -mfpu=fpv4-sp-d16 -mfloat-abi=hard -mthumb -o "Drivers/STM32F4xx_HAL_Driver/Src/stm32f4xx_hal_smbus.o"
arm-none-eabi-gcc "../Drivers/STM32F4xx_HAL_Driver/Src/stm32f4xx_hal_spdifrx.c" -mcpu=cortex-m4 -std=gnu11 -g3 -DDEBUG -DSTM32 -DSTM32F429ZITx -DSTM32F4 -DNUCLEO_F429ZI -DUSE_HAL_DRIVER -DSTM32F429xx -c -I../Inc -I"/home/pato/Embebidos/CESE/PdM_workspace/Practica1_template/Drivers/STM32F4xx_HAL_Driver/Inc" -I"/home/pato/Embebidos/CESE/PdM_workspace/Practica1_template/Drivers/CMSIS/Include" -I"/home/pato/Embebidos/CESE/PdM_workspace/Practica1_template/Drivers/CMSIS/Device/ST/STM32F4xx/Include" -I"/home/pato/Embebidos/CESE/PdM_workspace/Practica1_template/Drivers/BSP/STM32F4xx_Nucleo_144" -I"/home/pato/Embebidos/CESE/PdM_workspace/Practica1_template/Drivers/Core/Inc" -O0 -ffunction-sections -fdata-sections -Wall -fstack-usage -MMD -MP -MF"Drivers/STM32F4xx_HAL_Driver/Src/stm32f4xx_hal_spdifrx.d" -MT"Drivers/STM32F4xx_HAL_Driver/Src/stm32f4xx_hal_spdifrx.o" --specs=nano.specs -mfpu=fpv4-sp-d16 -mfloat-abi=hard -mthumb -o "Drivers/STM32F4xx_HAL_Driver/Src/stm32f4xx_hal_spdifrx.o"
arm-none-eabi-gcc "../Drivers/STM32F4xx_HAL_Driver/Src/stm32f4xx_hal_spi.c" -mcpu=cortex-m4 -std=gnu11 -g3 -DDEBUG -DSTM32 -DSTM32F429ZITx -DSTM32F4 -DNUCLEO_F429ZI -DUSE_HAL_DRIVER -DSTM32F429xx -c -I../Inc -I"/home/pato/Embebidos/CESE/PdM_workspace/Practica1_template/Drivers/STM32F4xx_HAL_Driver/Inc" -I"/home/pato/Embebidos/CESE/PdM_workspace/Practica1_template/Drivers/CMSIS/Include" -I"/home/pato/Embebidos/CESE/PdM_workspace/Practica1_template/Drivers/CMSIS/Device/ST/STM32F4xx/Include" -I"/home/pato/Embebidos/CESE/PdM_workspace/Practica1_template/Drivers/BSP/STM32F4xx_Nucleo_144" -I"/home/pato/Embebidos/CESE/PdM_workspace/Practica1_template/Drivers/Core/Inc" -O0 -ffunction-sections -fdata-sections -Wall -fstack-usage -MMD -MP -MF"Drivers/STM32F4xx_HAL_Driver/Src/stm32f4xx_hal_spi.d" -MT"Drivers/STM32F4xx_HAL_Driver/Src/stm32f4xx_hal_spi.o" --specs=nano.specs -mfpu=fpv4-sp-d16 -mfloat-abi=hard -mthumb -o "Drivers/STM32F4xx_HAL_Driver/Src/stm32f4xx_hal_spi.o"
arm-none-eabi-gcc "../Drivers/STM32F4xx_HAL_Driver/Src/stm32f4xx_hal_sram.c" -mcpu=cortex-m4 -std=gnu11 -g3 -DDEBUG -DSTM32 -DSTM32F429ZITx -DSTM32F4 -DNUCLEO_F429ZI -DUSE_HAL_DRIVER -DSTM32F429xx -c -I../Inc -I"/home/pato/Embebidos/CESE/PdM_workspace/Practica1_template/Drivers/STM32F4xx_HAL_Driver/Inc" -I"/home/pato/Embebidos/CESE/PdM_workspace/Practica1_template/Drivers/CMSIS/Include" -I"/home/pato/Embebidos/CESE/PdM_workspace/Practica1_template/Drivers/CMSIS/Device/ST/STM32F4xx/Include" -I"/home/pato/Embebidos/CESE/PdM_workspace/Practica1_template/Drivers/BSP/STM32F4xx_Nucleo_144" -I"/home/pato/Embebidos/CESE/PdM_workspace/Practica1_template/Drivers/Core/Inc" -O0 -ffunction-sections -fdata-sections -Wall -fstack-usage -MMD -MP -MF"Drivers/STM32F4xx_HAL_Driver/Src/stm32f4xx_hal_sram.d" -MT"Drivers/STM32F4xx_HAL_Driver/Src/stm32f4xx_hal_sram.o" --specs=nano.specs -mfpu=fpv4-sp-d16 -mfloat-abi=hard -mthumb -o "Drivers/STM32F4xx_HAL_Driver/Src/stm32f4xx_hal_sram.o"
arm-none-eabi-gcc "../Drivers/STM32F4xx_HAL_Driver/Src/stm32f4xx_hal_tim.c" -mcpu=cortex-m4 -std=gnu11 -g3 -DDEBUG -DSTM32 -DSTM32F429ZITx -DSTM32F4 -DNUCLEO_F429ZI -DUSE_HAL_DRIVER -DSTM32F429xx -c -I../Inc -I"/home/pato/Embebidos/CESE/PdM_workspace/Practica1_template/Drivers/STM32F4xx_HAL_Driver/Inc" -I"/home/pato/Embebidos/CESE/PdM_workspace/Practica1_template/Drivers/CMSIS/Include" -I"/home/pato/Embebidos/CESE/PdM_workspace/Practica1_template/Drivers/CMSIS/Device/ST/STM32F4xx/Include" -I"/home/pato/Embebidos/CESE/PdM_workspace/Practica1_template/Drivers/BSP/STM32F4xx_Nucleo_144" -I"/home/pato/Embebidos/CESE/PdM_workspace/Practica1_template/Drivers/Core/Inc" -O0 -ffunction-sections -fdata-sections -Wall -fstack-usage -MMD -MP -MF"Drivers/STM32F4xx_HAL_Driver/Src/stm32f4xx_hal_tim.d" -MT"Drivers/STM32F4xx_HAL_Driver/Src/stm32f4xx_hal_tim.o" --specs=nano.specs -mfpu=fpv4-sp-d16 -mfloat-abi=hard -mthumb -o "Drivers/STM32F4xx_HAL_Driver/Src/stm32f4xx_hal_tim.o"
arm-none-eabi-gcc "../Drivers/STM32F4xx_HAL_Driver/Src/stm32f4xx_hal_tim_ex.c" -mcpu=cortex-m4 -std=gnu11 -g3 -DDEBUG -DSTM32 -DSTM32F429ZITx -DSTM32F4 -DNUCLEO_F429ZI -DUSE_HAL_DRIVER -DSTM32F429xx -c -I../Inc -I"/home/pato/Embebidos/CESE/PdM_workspace/Practica1_template/Drivers/STM32F4xx_HAL_Driver/Inc" -I"/home/pato/Embebidos/CESE/PdM_workspace/Practica1_template/Drivers/CMSIS/Include" -I"/home/pato/Embebidos/CESE/PdM_workspace/Practica1_template/Drivers/CMSIS/Device/ST/STM32F4xx/Include" -I"/home/pato/Embebidos/CESE/PdM_workspace/Practica1_template/Drivers/BSP/STM32F4xx_Nucleo_144" -I"/home/pato/Embebidos/CESE/PdM_workspace/Practica1_template/Drivers/Core/Inc" -O0 -ffunction-sections -fdata-sections -Wall -fstack-usage -MMD -MP -MF"Drivers/STM32F4xx_HAL_Driver/Src/stm32f4xx_hal_tim_ex.d" -MT"Drivers/STM32F4xx_HAL_Driver/Src/stm32f4xx_hal_tim_ex.o" --specs=nano.specs -mfpu=fpv4-sp-d16 -mfloat-abi=hard -mthumb -o "Drivers/STM32F4xx_HAL_Driver/Src/stm32f4xx_hal_tim_ex.o"
arm-none-eabi-gcc "../Drivers/STM32F4xx_HAL_Driver/Src/stm32f4xx_hal_uart.c" -mcpu=cortex-m4 -std=gnu11 -g3 -DDEBUG -DSTM32 -DSTM32F429ZITx -DSTM32F4 -DNUCLEO_F429ZI -DUSE_HAL_DRIVER -DSTM32F429xx -c -I../Inc -I"/home/pato/Embebidos/CESE/PdM_workspace/Practica1_template/Drivers/STM32F4xx_HAL_Driver/Inc" -I"/home/pato/Embebidos/CESE/PdM_workspace/Practica1_template/Drivers/CMSIS/Include" -I"/home/pato/Embebidos/CESE/PdM_workspace/Practica1_template/Drivers/CMSIS/Device/ST/STM32F4xx/Include" -I"/home/pato/Embebidos/CESE/PdM_workspace/Practica1_template/Drivers/BSP/STM32F4xx_Nucleo_144" -I"/home/pato/Embebidos/CESE/PdM_workspace/Practica1_template/Drivers/Core/Inc" -O0 -ffunction-sections -fdata-sections -Wall -fstack-usage -MMD -MP -MF"Drivers/STM32F4xx_HAL_Driver/Src/stm32f4xx_hal_uart.d" -MT"Drivers/STM32F4xx_HAL_Driver/Src/stm32f4xx_hal_uart.o" --specs=nano.specs -mfpu=fpv4-sp-d16 -mfloat-abi=hard -mthumb -o "Drivers/STM32F4xx_HAL_Driver/Src/stm32f4xx_hal_uart.o"
arm-none-eabi-gcc "../Drivers/STM32F4xx_HAL_Driver/Src/stm32f4xx_hal_usart.c" -mcpu=cortex-m4 -std=gnu11 -g3 -DDEBUG -DSTM32 -DSTM32F429ZITx -DSTM32F4 -DNUCLEO_F429ZI -DUSE_HAL_DRIVER -DSTM32F429xx -c -I../Inc -I"/home/pato/Embebidos/CESE/PdM_workspace/Practica1_template/Drivers/STM32F4xx_HAL_Driver/Inc" -I"/home/pato/Embebidos/CESE/PdM_workspace/Practica1_template/Drivers/CMSIS/Include" -I"/home/pato/Embebidos/CESE/PdM_workspace/Practica1_template/Drivers/CMSIS/Device/ST/STM32F4xx/Include" -I"/home/pato/Embebidos/CESE/PdM_workspace/Practica1_template/Drivers/BSP/STM32F4xx_Nucleo_144" -I"/home/pato/Embebidos/CESE/PdM_workspace/Practica1_template/Drivers/Core/Inc" -O0 -ffunction-sections -fdata-sections -Wall -fstack-usage -MMD -MP -MF"Drivers/STM32F4xx_HAL_Driver/Src/stm32f4xx_hal_usart.d" -MT"Drivers/STM32F4xx_HAL_Driver/Src/stm32f4xx_hal_usart.o" --specs=nano.specs -mfpu=fpv4-sp-d16 -mfloat-abi=hard -mthumb -o "Drivers/STM32F4xx_HAL_Driver/Src/stm32f4xx_hal_usart.o"
arm-none-eabi-gcc "../Drivers/STM32F4xx_HAL_Driver/Src/stm32f4xx_hal_wwdg.c" -mcpu=cortex-m4 -std=gnu11 -g3 -DDEBUG -DSTM32 -DSTM32F429ZITx -DSTM32F4 -DNUCLEO_F429ZI -DUSE_HAL_DRIVER -DSTM32F429xx -c -I../Inc -I"/home/pato/Embebidos/CESE/PdM_workspace/Practica1_template/Drivers/STM32F4xx_HAL_Driver/Inc" -I"/home/pato/Embebidos/CESE/PdM_workspace/Practica1_template/Drivers/CMSIS/Include" -I"/home/pato/Embebidos/CESE/PdM_workspace/Practica1_template/Drivers/CMSIS/Device/ST/STM32F4xx/Include" -I"/home/pato/Embebidos/CESE/PdM_workspace/Practica1_template/Drivers/BSP/STM32F4xx_Nucleo_144" -I"/home/pato/Embebidos/CESE/PdM_workspace/Practica1_template/Drivers/Core/Inc" -O0 -ffunction-sections -fdata-sections -Wall -fstack-usage -MMD -MP -MF"Drivers/STM32F4xx_HAL_Driver/Src/stm32f4xx_hal_wwdg.d" -MT"Drivers/STM32F4xx_HAL_Driver/Src/stm32f4xx_hal_wwdg.o" --specs=nano.specs -mfpu=fpv4-sp-d16 -mfloat-abi=hard -mthumb -o "Drivers/STM32F4xx_HAL_Driver/Src/stm32f4xx_hal_wwdg.o"
arm-none-eabi-gcc "../Drivers/STM32F4xx_HAL_Driver/Src/stm32f4xx_ll_adc.c" -mcpu=cortex-m4 -std=gnu11 -g3 -DDEBUG -DSTM32 -DSTM32F429ZITx -DSTM32F4 -DNUCLEO_F429ZI -DUSE_HAL_DRIVER -DSTM32F429xx -c -I../Inc -I"/home/pato/Embebidos/CESE/PdM_workspace/Practica1_template/Drivers/STM32F4xx_HAL_Driver/Inc" -I"/home/pato/Embebidos/CESE/PdM_workspace/Practica1_template/Drivers/CMSIS/Include" -I"/home/pato/Embebidos/CESE/PdM_workspace/Practica1_template/Drivers/CMSIS/Device/ST/STM32F4xx/Include" -I"/home/pato/Embebidos/CESE/PdM_workspace/Practica1_template/Drivers/BSP/STM32F4xx_Nucleo_144" -I"/home/pato/Embebidos/CESE/PdM_workspace/Practica1_template/Drivers/Core/Inc" -O0 -ffunction-sections -fdata-sections -Wall -fstack-usage -MMD -MP -MF"Drivers/STM32F4xx_HAL_Driver/Src/stm32f4xx_ll_adc.d" -MT"Drivers/STM32F4xx_HAL_Driver/Src/stm32f4xx_ll_adc.o" --specs=nano.specs -mfpu=fpv4-sp-d16 -mfloat-abi=hard -mthumb -o "Drivers/STM32F4xx_HAL_Driver/Src/stm32f4xx_ll_adc.o"
arm-none-eabi-gcc "../Drivers/STM32F4xx_HAL_Driver/Src/stm32f4xx_ll_crc.c" -mcpu=cortex-m4 -std=gnu11 -g3 -DDEBUG -DSTM32 -DSTM32F429ZITx -DSTM32F4 -DNUCLEO_F429ZI -DUSE_HAL_DRIVER -DSTM32F429xx -c -I../Inc -I"/home/pato/Embebidos/CESE/PdM_workspace/Practica1_template/Drivers/STM32F4xx_HAL_Driver/Inc" -I"/home/pato/Embebidos/CESE/PdM_workspace/Practica1_template/Drivers/CMSIS/Include" -I"/home/pato/Embebidos/CESE/PdM_workspace/Practica1_template/Drivers/CMSIS/Device/ST/STM32F4xx/Include" -I"/home/pato/Embebidos/CESE/PdM_workspace/Practica1_template/Drivers/BSP/STM32F4xx_Nucleo_144" -I"/home/pato/Embebidos/CESE/PdM_workspace/Practica1_template/Drivers/Core/Inc" -O0 -ffunction-sections -fdata-sections -Wall -fstack-usage -MMD -MP -MF"Drivers/STM32F4xx_HAL_Driver/Src/stm32f4xx_ll_crc.d" -MT"Drivers/STM32F4xx_HAL_Driver/Src/stm32f4xx_ll_crc.o" --specs=nano.specs -mfpu=fpv4-sp-d16 -mfloat-abi=hard -mthumb -o "Drivers/STM32F4xx_HAL_Driver/Src/stm32f4xx_ll_crc.o"
arm-none-eabi-gcc "../Drivers/STM32F4xx_HAL_Driver/Src/stm32f4xx_ll_dac.c" -mcpu=cortex-m4 -std=gnu11 -g3 -DDEBUG -DSTM32 -DSTM32F429ZITx -DSTM32F4 -DNUCLEO_F429ZI -DUSE_HAL_DRIVER -DSTM32F429xx -c -I../Inc -I"/home/pato/Embebidos/CESE/PdM_workspace/Practica1_template/Drivers/STM32F4xx_HAL_Driver/Inc" -I"/home/pato/Embebidos/CESE/PdM_workspace/Practica1_template/Drivers/CMSIS/Include" -I"/home/pato/Embebidos/CESE/PdM_workspace/Practica1_template/Drivers/CMSIS/Device/ST/STM32F4xx/Include" -I"/home/pato/Embebidos/CESE/PdM_workspace/Practica1_template/Drivers/BSP/STM32F4xx_Nucleo_144" -I"/home/pato/Embebidos/CESE/PdM_workspace/Practica1_template/Drivers/Core/Inc" -O0 -ffunction-sections -fdata-sections -Wall -fstack-usage -MMD -MP -MF"Drivers/STM32F4xx_HAL_Driver/Src/stm32f4xx_ll_dac.d" -MT"Drivers/STM32F4xx_HAL_Driver/Src/stm32f4xx_ll_dac.o" --specs=nano.specs -mfpu=fpv4-sp-d16 -mfloat-abi=hard -mthumb -o "Drivers/STM32F4xx_HAL_Driver/Src/stm32f4xx_ll_dac.o"
arm-none-eabi-gcc "../Drivers/STM32F4xx_HAL_Driver/Src/stm32f4xx_ll_dma.c" -mcpu=cortex-m4 -std=gnu11 -g3 -DDEBUG -DSTM32 -DSTM32F429ZITx -DSTM32F4 -DNUCLEO_F429ZI -DUSE_HAL_DRIVER -DSTM32F429xx -c -I../Inc -I"/home/pato/Embebidos/CESE/PdM_workspace/Practica1_template/Drivers/STM32F4xx_HAL_Driver/Inc" -I"/home/pato/Embebidos/CESE/PdM_workspace/Practica1_template/Drivers/CMSIS/Include" -I"/home/pato/Embebidos/CESE/PdM_workspace/Practica1_template/Drivers/CMSIS/Device/ST/STM32F4xx/Include" -I"/home/pato/Embebidos/CESE/PdM_workspace/Practica1_template/Drivers/BSP/STM32F4xx_Nucleo_144" -I"/home/pato/Embebidos/CESE/PdM_workspace/Practica1_template/Drivers/Core/Inc" -O0 -ffunction-sections -fdata-sections -Wall -fstack-usage -MMD -MP -MF"Drivers/STM32F4xx_HAL_Driver/Src/stm32f4xx_ll_dma.d" -MT"Drivers/STM32F4xx_HAL_Driver/Src/stm32f4xx_ll_dma.o" --specs=nano.specs -mfpu=fpv4-sp-d16 -mfloat-abi=hard -mthumb -o "Drivers/STM32F4xx_HAL_Driver/Src/stm32f4xx_ll_dma.o"
arm-none-eabi-gcc "../Drivers/STM32F4xx_HAL_Driver/Src/stm32f4xx_ll_dma2d.c" -mcpu=cortex-m4 -std=gnu11 -g3 -DDEBUG -DSTM32 -DSTM32F429ZITx -DSTM32F4 -DNUCLEO_F429ZI -DUSE_HAL_DRIVER -DSTM32F429xx -c -I../Inc -I"/home/pato/Embebidos/CESE/PdM_workspace/Practica1_template/Drivers/STM32F4xx_HAL_Driver/Inc" -I"/home/pato/Embebidos/CESE/PdM_workspace/Practica1_template/Drivers/CMSIS/Include" -I"/home/pato/Embebidos/CESE/PdM_workspace/Practica1_template/Drivers/CMSIS/Device/ST/STM32F4xx/Include" -I"/home/pato/Embebidos/CESE/PdM_workspace/Practica1_template/Drivers/BSP/STM32F4xx_Nucleo_144" -I"/home/pato/Embebidos/CESE/PdM_workspace/Practica1_template/Drivers/Core/Inc" -O0 -ffunction-sections -fdata-sections -Wall -fstack-usage -MMD -MP -MF"Drivers/STM32F4xx_HAL_Driver/Src/stm32f4xx_ll_dma2d.d" -MT"Drivers/STM32F4xx_HAL_Driver/Src/stm32f4xx_ll_dma2d.o" --specs=nano.specs -mfpu=fpv4-sp-d16 -mfloat-abi=hard -mthumb -o "Drivers/STM32F4xx_HAL_Driver/Src/stm32f4xx_ll_dma2d.o"
arm-none-eabi-gcc "../Drivers/STM32F4xx_HAL_Driver/Src/stm32f4xx_ll_exti.c" -mcpu=cortex-m4 -std=gnu11 -g3 -DDEBUG -DSTM32 -DSTM32F429ZITx -DSTM32F4 -DNUCLEO_F429ZI -DUSE_HAL_DRIVER -DSTM32F429xx -c -I../Inc -I"/home/pato/Embebidos/CESE/PdM_workspace/Practica1_template/Drivers/STM32F4xx_HAL_Driver/Inc" -I"/home/pato/Embebidos/CESE/PdM_workspace/Practica1_template/Drivers/CMSIS/Include" -I"/home/pato/Embebidos/CESE/PdM_workspace/Practica1_template/Drivers/CMSIS/Device/ST/STM32F4xx/Include" -I"/home/pato/Embebidos/CESE/PdM_workspace/Practica1_template/Drivers/BSP/STM32F4xx_Nucleo_144" -I"/home/pato/Embebidos/CESE/PdM_workspace/Practica1_template/Drivers/Core/Inc" -O0 -ffunction-sections -fdata-sections -Wall -fstack-usage -MMD -MP -MF"Drivers/STM32F4xx_HAL_Driver/Src/stm32f4xx_ll_exti.d" -MT"Drivers/STM32F4xx_HAL_Driver/Src/stm32f4xx_ll_exti.o" --specs=nano.specs -mfpu=fpv4-sp-d16 -mfloat-abi=hard -mthumb -o "Drivers/STM32F4xx_HAL_Driver/Src/stm32f4xx_ll_exti.o"
arm-none-eabi-gcc "../Drivers/STM32F4xx_HAL_Driver/Src/stm32f4xx_ll_fmc.c" -mcpu=cortex-m4 -std=gnu11 -g3 -DDEBUG -DSTM32 -DSTM32F429ZITx -DSTM32F4 -DNUCLEO_F429ZI -DUSE_HAL_DRIVER -DSTM32F429xx -c -I../Inc -I"/home/pato/Embebidos/CESE/PdM_workspace/Practica1_template/Drivers/STM32F4xx_HAL_Driver/Inc" -I"/home/pato/Embebidos/CESE/PdM_workspace/Practica1_template/Drivers/CMSIS/Include" -I"/home/pato/Embebidos/CESE/PdM_workspace/Practica1_template/Drivers/CMSIS/Device/ST/STM32F4xx/Include" -I"/home/pato/Embebidos/CESE/PdM_workspace/Practica1_template/Drivers/BSP/STM32F4xx_Nucleo_144" -I"/home/pato/Embebidos/CESE/PdM_workspace/Practica1_template/Drivers/Core/Inc" -O0 -ffunction-sections -fdata-sections -Wall -fstack-usage -MMD -MP -MF"Drivers/STM32F4xx_HAL_Driver/Src/stm32f4xx_ll_fmc.d" -MT"Drivers/STM32F4xx_HAL_Driver/Src/stm32f4xx_ll_fmc.o" --specs=nano.specs -mfpu=fpv4-sp-d16 -mfloat-abi=hard -mthumb -o "Drivers/STM32F4xx_HAL_Driver/Src/stm32f4xx_ll_fmc.o"
arm-none-eabi-gcc "../Drivers/STM32F4xx_HAL_Driver/Src/stm32f4xx_ll_fmpi2c.c" -mcpu=cortex-m4 -std=gnu11 -g3 -DDEBUG -DSTM32 -DSTM32F429ZITx -DSTM32F4 -DNUCLEO_F429ZI -DUSE_HAL_DRIVER -DSTM32F429xx -c -I../Inc -I"/home/pato/Embebidos/CESE/PdM_workspace/Practica1_template/Drivers/STM32F4xx_HAL_Driver/Inc" -I"/home/pato/Embebidos/CESE/PdM_workspace/Practica1_template/Drivers/CMSIS/Include" -I"/home/pato/Embebidos/CESE/PdM_workspace/Practica1_template/Drivers/CMSIS/Device/ST/STM32F4xx/Include" -I"/home/pato/Embebidos/CESE/PdM_workspace/Practica1_template/Drivers/BSP/STM32F4xx_Nucleo_144" -I"/home/pato/Embebidos/CESE/PdM_workspace/Practica1_template/Drivers/Core/Inc" -O0 -ffunction-sections -fdata-sections -Wall -fstack-usage -MMD -MP -MF"Drivers/STM32F4xx_HAL_Driver/Src/stm32f4xx_ll_fmpi2c.d" -MT"Drivers/STM32F4xx_HAL_Driver/Src/stm32f4xx_ll_fmpi2c.o" --specs=nano.specs -mfpu=fpv4-sp-d16 -mfloat-abi=hard -mthumb -o "Drivers/STM32F4xx_HAL_Driver/Src/stm32f4xx_ll_fmpi2c.o"
[...]
../Src/main.c: In function 'main':
../Src/main.c:78:7: warning: unused variable 'cont' [-Wunused-variable]
   78 |   int cont=0;
      |       ^~~~
../Src/main.c:77:7: warning: unused variable 'secuencia' [-Wunused-variable]
   77 |   int secuencia=0;
      |       ^~~~~~~~~
arm-none-eabi-gcc -o "Ej0_blinky.elf" @"objects.list"   -mcpu=cortex-m4 -T"/home/luis/Embebidos/ProgramacionMicrocontrolador/PdM_workspace/Ej0_blinky/STM32F429ZITX_FLASH.ld" --specs=nosys.specs -Wl,-Map="Ej0_blinky.map" -Wl,--gc-sections -static --specs=nano.specs -mfpu=fpv4-sp-d16 -mfloat-abi=hard -mthumb -Wl,--start-group -lc -lm -Wl,--end-group
Finished building target: Ej0_blinky.elf
 
arm-none-eabi-size   Ej0_blinky.elf 
arm-none-eabi-objdump -h -S  Ej0_blinky.elf  > "Ej0_blinky.list"
arm-none-eabi-objcopy  -O binary  Ej0_blinky.elf  "Ej0_blinky.bin"
   text	   data	    bss	    dec	    hex	filename
   6328	     36	   1572	   7936	   1f00	Ej0_blinky.elf
Finished building: default.size.stdout
 
Finished building: Ej0_blinky.bin
 
Finished building: Ej0_blinky.list
 
22:20:11 **** Incremental Build of configuration Debug for project Práctica_1 ****
make -j4 all 
arm-none-eabi-gcc -o "Práctica_1.elf" @"objects.list"   -mcpu=cortex-m4 -T"/home/luis/Embebidos/ProgramacionMicrocontrolador/PdM_workspace/Práctica_1/STM32F429ZITX_FLASH.ld" --specs=nosys.specs -Wl,-Map="Práctica_1.map" -Wl,--gc-sections -static --specs=nano.specs -mfpu=fpv4-sp-d16 -mfloat-abi=hard -mthumb -Wl,--start-group -lc -lm -Wl,--end-group
/opt/st/stm32cubeide_1.7.0_2/plugins/com.st.stm32cube.ide.mcu.externaltools.gnu-tools-for-stm32.9-2020-q2-update.linux64_2.0.0.202105311346/tools/bin/../lib/gcc/arm-none-eabi/9.3.1/../../../../arm-none-eabi/bin/ld: ./Src/main.o: in function `delayInit':
/home/luis/Embebidos/ProgramacionMicrocontrolador/PdM_workspace/Práctica_1/Debug/../Src/API_delay.c:4: multiple definition of `delayInit'; ./Src/API_delay.o:/home/luis/Embebidos/ProgramacionMicrocontrolador/PdM_workspace/Práctica_1/Debug/../Src/API_delay.c:4: first defined here
/opt/st/stm32cubeide_1.7.0_2/plugins/com.st.stm32cube.ide.mcu.externaltools.gnu-tools-for-stm32.9-2020-q2-update.linux64_2.0.0.202105311346/tools/bin/../lib/gcc/arm-none-eabi/9.3.1/../../../../arm-none-eabi/bin/ld: ./Src/main.o: in function `delayRead':
/home/luis/Embebidos/ProgramacionMicrocontrolador/PdM_workspace/Práctica_1/Debug/../Src/API_delay.c:9: multiple definition of `delayRead'; ./Src/API_delay.o:/home/luis/Embebidos/ProgramacionMicrocontrolador/PdM_workspace/Práctica_1/Debug/../Src/API_delay.c:9: first defined here
/opt/st/stm32cubeide_1.7.0_2/plugins/com.st.stm32cube.ide.mcu.externaltools.gnu-tools-for-stm32.9-2020-q2-update.linux64_2.0.0.202105311346/tools/bin/../lib/gcc/arm-none-eabi/9.3.1/../../../../arm-none-eabi/bin/ld: ./Src/main.o: in function `delayWrite':
/home/luis/Embebidos/ProgramacionMicrocontrolador/PdM_workspace/Práctica_1/Debug/../Src/API_delay.c:29: multiple definition of `delayWrite'; ./Src/API_delay.o:/home/luis/Embebidos/ProgramacionMicrocontrolador/PdM_workspace/Práctica_1/Debug/../Src/API_delay.c:29: first defined here
collect2: error: ld returned 1 exit status
make: *** [makefile:70: Práctica_1.elf] Error 1
"make -j4 all" terminated with exit code 2. Build might be incomplete.
22:20:31 **** Incremental Build of configuration Debug for project Ej0_blinky ****
make -j4 all 
arm-none-eabi-size   Ej0_blinky.elf 
   text	   data	    bss	    dec	    hex	filename
   6328	     36	   1572	   7936	   1f00	Ej0_blinky.elf
Finished building: default.size.stdout
 
22:22:28 **** Incremental Build of configuration Debug for project Práctica_1 ****
make -j4 all 
arm-none-eabi-gcc "../Src/API_delay.c" -mcpu=cortex-m4 -std=gnu11 -g3 -DDEBUG -DSTM32 -DSTM32F429ZITx -DSTM32F4 -DNUCLEO_F429ZI -DUSE_HAL_DRIVER -DSTM32F429xx -c -I../Inc -I"/home/luis/Embebidos/ProgramacionMicrocontrolador/PdM_workspace/Práctica_1/Drivers/STM32F4xx_HAL_Driver/Inc" -I"/home/luis/Embebidos/ProgramacionMicrocontrolador/PdM_workspace/Práctica_1/Drivers/CMSIS/Include" -I"/home/luis/Embebidos/ProgramacionMicrocontrolador/PdM_workspace/Práctica_1/Drivers/CMSIS/Device/ST/STM32F4xx/Include" -I"/home/luis/Embebidos/ProgramacionMicrocontrolador/PdM_workspace/Práctica_1/Drivers/BSP/STM32F4xx_Nucleo_144" -I"/home/luis/Embebidos/ProgramacionMicrocontrolador/PdM_workspace/Práctica_1/Drivers/Core/Inc" -O0 -ffunction-sections -fdata-sections -Wall -fstack-usage -MMD -MP -MF"Src/API_delay.d" -MT"Src/API_delay.o" --specs=nano.specs -mfpu=fpv4-sp-d16 -mfloat-abi=hard -mthumb -o "Src/API_delay.o"
arm-none-eabi-gcc "../Src/main.c" -mcpu=cortex-m4 -std=gnu11 -g3 -DDEBUG -DSTM32 -DSTM32F429ZITx -DSTM32F4 -DNUCLEO_F429ZI -DUSE_HAL_DRIVER -DSTM32F429xx -c -I../Inc -I"/home/luis/Embebidos/ProgramacionMicrocontrolador/PdM_workspace/Práctica_1/Drivers/STM32F4xx_HAL_Driver/Inc" -I"/home/luis/Embebidos/ProgramacionMicrocontrolador/PdM_workspace/Práctica_1/Drivers/CMSIS/Include" -I"/home/luis/Embebidos/ProgramacionMicrocontrolador/PdM_workspace/Práctica_1/Drivers/CMSIS/Device/ST/STM32F4xx/Include" -I"/home/luis/Embebidos/ProgramacionMicrocontrolador/PdM_workspace/Práctica_1/Drivers/BSP/STM32F4xx_Nucleo_144" -I"/home/luis/Embebidos/ProgramacionMicrocontrolador/PdM_workspace/Práctica_1/Drivers/Core/Inc" -O0 -ffunction-sections -fdata-sections -Wall -fstack-usage -MMD -MP -MF"Src/main.d" -MT"Src/main.o" --specs=nano.specs -mfpu=fpv4-sp-d16 -mfloat-abi=hard -mthumb -o "Src/main.o"
../Src/API_delay.c: In function 'delayRead':
../Src/API_delay.c:15:26: warning: implicit declaration of function 'HAL_GetTick' [-Wimplicit-function-declaration]
   15 |      {delay->startTime = HAL_GetTick();
      |                          ^~~~~~~~~~~
arm-none-eabi-gcc -o "Práctica_1.elf" @"objects.list"   -mcpu=cortex-m4 -T"/home/luis/Embebidos/ProgramacionMicrocontrolador/PdM_workspace/Práctica_1/STM32F429ZITX_FLASH.ld" --specs=nosys.specs -Wl,-Map="Práctica_1.map" -Wl,--gc-sections -static --specs=nano.specs -mfpu=fpv4-sp-d16 -mfloat-abi=hard -mthumb -Wl,--start-group -lc -lm -Wl,--end-group
/opt/st/stm32cubeide_1.7.0_2/plugins/com.st.stm32cube.ide.mcu.externaltools.gnu-tools-for-stm32.9-2020-q2-update.linux64_2.0.0.202105311346/tools/bin/../lib/gcc/arm-none-eabi/9.3.1/../../../../arm-none-eabi/bin/ld: ./Src/main.o: in function `delayInit':
/home/luis/Embebidos/ProgramacionMicrocontrolador/PdM_workspace/Práctica_1/Debug/../Src/API_delay.c:4: multiple definition of `delayInit'; ./Src/API_delay.o:/home/luis/Embebidos/ProgramacionMicrocontrolador/PdM_workspace/Práctica_1/Debug/../Src/API_delay.c:4: first defined here
/opt/st/stm32cubeide_1.7.0_2/plugins/com.st.stm32cube.ide.mcu.externaltools.gnu-tools-for-stm32.9-2020-q2-update.linux64_2.0.0.202105311346/tools/bin/../lib/gcc/arm-none-eabi/9.3.1/../../../../arm-none-eabi/bin/ld: ./Src/main.o: in function `delayRead':
/home/luis/Embebidos/ProgramacionMicrocontrolador/PdM_workspace/Práctica_1/Debug/../Src/API_delay.c:9: multiple definition of `delayRead'; ./Src/API_delay.o:/home/luis/Embebidos/ProgramacionMicrocontrolador/PdM_workspace/Práctica_1/Debug/../Src/API_delay.c:9: first defined here
/opt/st/stm32cubeide_1.7.0_2/plugins/com.st.stm32cube.ide.mcu.externaltools.gnu-tools-for-stm32.9-2020-q2-update.linux64_2.0.0.202105311346/tools/bin/../lib/gcc/arm-none-eabi/9.3.1/../../../../arm-none-eabi/bin/ld: ./Src/main.o: in function `delayWrite':
/home/luis/Embebidos/ProgramacionMicrocontrolador/PdM_workspace/Práctica_1/Debug/../Src/API_delay.c:29: multiple definition of `delayWrite'; ./Src/API_delay.o:/home/luis/Embebidos/ProgramacionMicrocontrolador/PdM_workspace/Práctica_1/Debug/../Src/API_delay.c:29: first defined here
collect2: error: ld returned 1 exit status
make: *** [makefile:70: Práctica_1.elf] Error 1
"make -j4 all" terminated with exit code 2. Build might be incomplete.
22:22:43 **** Incremental Build of configuration Debug for project Ej0_blinky ****
make -j4 all 
arm-none-eabi-size   Ej0_blinky.elf 
   text	   data	    bss	    dec	    hex	filename
   6328	     36	   1572	   7936	   1f00	Ej0_blinky.elf
Finished building: default.size.stdout
 
22:22:48 **** Incremental Build of configuration Debug for project Práctica_1 ****
make -j4 all 
arm-none-eabi-gcc -o "Práctica_1.elf" @"objects.list"   -mcpu=cortex-m4 -T"/home/luis/Embebidos/ProgramacionMicrocontrolador/PdM_workspace/Práctica_1/STM32F429ZITX_FLASH.ld" --specs=nosys.specs -Wl,-Map="Práctica_1.map" -Wl,--gc-sections -static --specs=nano.specs -mfpu=fpv4-sp-d16 -mfloat-abi=hard -mthumb -Wl,--start-group -lc -lm -Wl,--end-group
/opt/st/stm32cubeide_1.7.0_2/plugins/com.st.stm32cube.ide.mcu.externaltools.gnu-tools-for-stm32.9-2020-q2-update.linux64_2.0.0.202105311346/tools/bin/../lib/gcc/arm-none-eabi/9.3.1/../../../../arm-none-eabi/bin/ld: ./Src/main.o: in function `delayInit':
/home/luis/Embebidos/ProgramacionMicrocontrolador/PdM_workspace/Práctica_1/Debug/../Src/API_delay.c:4: multiple definition of `delayInit'; ./Src/API_delay.o:/home/luis/Embebidos/ProgramacionMicrocontrolador/PdM_workspace/Práctica_1/Debug/../Src/API_delay.c:4: first defined here
/opt/st/stm32cubeide_1.7.0_2/plugins/com.st.stm32cube.ide.mcu.externaltools.gnu-tools-for-stm32.9-2020-q2-update.linux64_2.0.0.202105311346/tools/bin/../lib/gcc/arm-none-eabi/9.3.1/../../../../arm-none-eabi/bin/ld: ./Src/main.o: in function `delayRead':
/home/luis/Embebidos/ProgramacionMicrocontrolador/PdM_workspace/Práctica_1/Debug/../Src/API_delay.c:9: multiple definition of `delayRead'; ./Src/API_delay.o:/home/luis/Embebidos/ProgramacionMicrocontrolador/PdM_workspace/Práctica_1/Debug/../Src/API_delay.c:9: first defined here
/opt/st/stm32cubeide_1.7.0_2/plugins/com.st.stm32cube.ide.mcu.externaltools.gnu-tools-for-stm32.9-2020-q2-update.linux64_2.0.0.202105311346/tools/bin/../lib/gcc/arm-none-eabi/9.3.1/../../../../arm-none-eabi/bin/ld: ./Src/main.o: in function `delayWrite':
/home/luis/Embebidos/ProgramacionMicrocontrolador/PdM_workspace/Práctica_1/Debug/../Src/API_delay.c:29: multiple definition of `delayWrite'; ./Src/API_delay.o:/home/luis/Embebidos/ProgramacionMicrocontrolador/PdM_workspace/Práctica_1/Debug/../Src/API_delay.c:29: first defined here
collect2: error: ld returned 1 exit status
make: *** [makefile:70: Práctica_1.elf] Error 1
"make -j4 all" terminated with exit code 2. Build might be incomplete.
22:22:56 **** Incremental Build of configuration Debug for project Práctica_1 ****
make -j4 all 
arm-none-eabi-gcc -o "Práctica_1.elf" @"objects.list"   -mcpu=cortex-m4 -T"/home/luis/Embebidos/ProgramacionMicrocontrolador/PdM_workspace/Práctica_1/STM32F429ZITX_FLASH.ld" --specs=nosys.specs -Wl,-Map="Práctica_1.map" -Wl,--gc-sections -static --specs=nano.specs -mfpu=fpv4-sp-d16 -mfloat-abi=hard -mthumb -Wl,--start-group -lc -lm -Wl,--end-group
/opt/st/stm32cubeide_1.7.0_2/plugins/com.st.stm32cube.ide.mcu.externaltools.gnu-tools-for-stm32.9-2020-q2-update.linux64_2.0.0.202105311346/tools/bin/../lib/gcc/arm-none-eabi/9.3.1/../../../../arm-none-eabi/bin/ld: ./Src/main.o: in function `delayInit':
/home/luis/Embebidos/ProgramacionMicrocontrolador/PdM_workspace/Práctica_1/Debug/../Src/API_delay.c:4: multiple definition of `delayInit'; ./Src/API_delay.o:/home/luis/Embebidos/ProgramacionMicrocontrolador/PdM_workspace/Práctica_1/Debug/../Src/API_delay.c:4: first defined here
/opt/st/stm32cubeide_1.7.0_2/plugins/com.st.stm32cube.ide.mcu.externaltools.gnu-tools-for-stm32.9-2020-q2-update.linux64_2.0.0.202105311346/tools/bin/../lib/gcc/arm-none-eabi/9.3.1/../../../../arm-none-eabi/bin/ld: ./Src/main.o: in function `delayRead':
/home/luis/Embebidos/ProgramacionMicrocontrolador/PdM_workspace/Práctica_1/Debug/../Src/API_delay.c:9: multiple definition of `delayRead'; ./Src/API_delay.o:/home/luis/Embebidos/ProgramacionMicrocontrolador/PdM_workspace/Práctica_1/Debug/../Src/API_delay.c:9: first defined here
/opt/st/stm32cubeide_1.7.0_2/plugins/com.st.stm32cube.ide.mcu.externaltools.gnu-tools-for-stm32.9-2020-q2-update.linux64_2.0.0.202105311346/tools/bin/../lib/gcc/arm-none-eabi/9.3.1/../../../../arm-none-eabi/bin/ld: ./Src/main.o: in function `delayWrite':
/home/luis/Embebidos/ProgramacionMicrocontrolador/PdM_workspace/Práctica_1/Debug/../Src/API_delay.c:29: multiple definition of `delayWrite'; ./Src/API_delay.o:/home/luis/Embebidos/ProgramacionMicrocontrolador/PdM_workspace/Práctica_1/Debug/../Src/API_delay.c:29: first defined here
collect2: error: ld returned 1 exit status
make: *** [makefile:70: Práctica_1.elf] Error 1
"make -j4 all" terminated with exit code 2. Build might be incomplete.
22:23:15 **** Incremental Build of configuration Debug for project Ej0_blinky ****
make -j4 all 
arm-none-eabi-size   Ej0_blinky.elf 
   text	   data	    bss	    dec	    hex	filename
   6328	     36	   1572	   7936	   1f00	Ej0_blinky.elf
Finished building: default.size.stdout
 
22:23:56 **** Incremental Build of configuration Debug for project Ej0_blinky ****
make -j4 all 
arm-none-eabi-gcc "../Src/main.c" -mcpu=cortex-m4 -std=gnu11 -g3 -DDEBUG -DSTM32 -DSTM32F429ZITx -DSTM32F4 -DNUCLEO_F429ZI -DUSE_HAL_DRIVER -DSTM32F429xx -c -I../Inc -I"/home/luis/Embebidos/ProgramacionMicrocontrolador/PdM_workspace/Ej0_blinky/Drivers/STM32F4xx_HAL_Driver/Inc" -I"/home/luis/Embebidos/ProgramacionMicrocontrolador/PdM_workspace/Ej0_blinky/Drivers/CMSIS/Include" -I"/home/luis/Embebidos/ProgramacionMicrocontrolador/PdM_workspace/Ej0_blinky/Drivers/CMSIS/Device/ST/STM32F4xx/Include" -I"/home/luis/Embebidos/ProgramacionMicrocontrolador/PdM_workspace/Ej0_blinky/Drivers/BSP/STM32F4xx_Nucleo_144" -I"/home/luis/Embebidos/ProgramacionMicrocontrolador/PdM_workspace/Ej0_blinky/Drivers/Core/Inc" -O0 -ffunction-sections -fdata-sections -Wall -fstack-usage -MMD -MP -MF"Src/main.d" -MT"Src/main.o" --specs=nano.specs -mfpu=fpv4-sp-d16 -mfloat-abi=hard -mthumb -o "Src/main.o"
../Src/main.c: In function 'main':
../Src/main.c:78:7: warning: unused variable 'cont' [-Wunused-variable]
   78 |   int cont=0;
      |       ^~~~
../Src/main.c:77:7: warning: unused variable 'secuencia' [-Wunused-variable]
   77 |   int secuencia=0;
      |       ^~~~~~~~~
arm-none-eabi-gcc -o "Ej0_blinky.elf" @"objects.list"   -mcpu=cortex-m4 -T"/home/luis/Embebidos/ProgramacionMicrocontrolador/PdM_workspace/Ej0_blinky/STM32F429ZITX_FLASH.ld" --specs=nosys.specs -Wl,-Map="Ej0_blinky.map" -Wl,--gc-sections -static --specs=nano.specs -mfpu=fpv4-sp-d16 -mfloat-abi=hard -mthumb -Wl,--start-group -lc -lm -Wl,--end-group
Finished building target: Ej0_blinky.elf
 
arm-none-eabi-size   Ej0_blinky.elf 
arm-none-eabi-objdump -h -S  Ej0_blinky.elf  > "Ej0_blinky.list"
arm-none-eabi-objcopy  -O binary  Ej0_blinky.elf  "Ej0_blinky.bin"
   text	   data	    bss	    dec	    hex	filename
   6436	     36	   1572	   8044	   1f6c	Ej0_blinky.elf
Finished building: default.size.stdout
 
Finished building: Ej0_blinky.bin
 
Finished building: Ej0_blinky.list
 
22:24:53 **** Incremental Build of configuration Debug for project Práctica_1 ****
make -j4 all 
arm-none-eabi-gcc -o "Práctica_1.elf" @"objects.list"   -mcpu=cortex-m4 -T"/home/luis/Embebidos/ProgramacionMicrocontrolador/PdM_workspace/Práctica_1/STM32F429ZITX_FLASH.ld" --specs=nosys.specs -Wl,-Map="Práctica_1.map" -Wl,--gc-sections -static --specs=nano.specs -mfpu=fpv4-sp-d16 -mfloat-abi=hard -mthumb -Wl,--start-group -lc -lm -Wl,--end-group
/opt/st/stm32cubeide_1.7.0_2/plugins/com.st.stm32cube.ide.mcu.externaltools.gnu-tools-for-stm32.9-2020-q2-update.linux64_2.0.0.202105311346/tools/bin/../lib/gcc/arm-none-eabi/9.3.1/../../../../arm-none-eabi/bin/ld: ./Src/main.o: in function `delayInit':
/home/luis/Embebidos/ProgramacionMicrocontrolador/PdM_workspace/Práctica_1/Debug/../Src/API_delay.c:4: multiple definition of `delayInit'; ./Src/API_delay.o:/home/luis/Embebidos/ProgramacionMicrocontrolador/PdM_workspace/Práctica_1/Debug/../Src/API_delay.c:4: first defined here
/opt/st/stm32cubeide_1.7.0_2/plugins/com.st.stm32cube.ide.mcu.externaltools.gnu-tools-for-stm32.9-2020-q2-update.linux64_2.0.0.202105311346/tools/bin/../lib/gcc/arm-none-eabi/9.3.1/../../../../arm-none-eabi/bin/ld: ./Src/main.o: in function `delayRead':
/home/luis/Embebidos/ProgramacionMicrocontrolador/PdM_workspace/Práctica_1/Debug/../Src/API_delay.c:9: multiple definition of `delayRead'; ./Src/API_delay.o:/home/luis/Embebidos/ProgramacionMicrocontrolador/PdM_workspace/Práctica_1/Debug/../Src/API_delay.c:9: first defined here
/opt/st/stm32cubeide_1.7.0_2/plugins/com.st.stm32cube.ide.mcu.externaltools.gnu-tools-for-stm32.9-2020-q2-update.linux64_2.0.0.202105311346/tools/bin/../lib/gcc/arm-none-eabi/9.3.1/../../../../arm-none-eabi/bin/ld: ./Src/main.o: in function `delayWrite':
/home/luis/Embebidos/ProgramacionMicrocontrolador/PdM_workspace/Práctica_1/Debug/../Src/API_delay.c:29: multiple definition of `delayWrite'; ./Src/API_delay.o:/home/luis/Embebidos/ProgramacionMicrocontrolador/PdM_workspace/Práctica_1/Debug/../Src/API_delay.c:29: first defined here
collect2: error: ld returned 1 exit status
make: *** [makefile:70: Práctica_1.elf] Error 1
"make -j4 all" terminated with exit code 2. Build might be incomplete.
22:25:16 **** Incremental Build of configuration Debug for project Práctica_1 ****
make -j4 all 
arm-none-eabi-gcc -o "Práctica_1.elf" @"objects.list"   -mcpu=cortex-m4 -T"/home/luis/Embebidos/ProgramacionMicrocontrolador/PdM_workspace/Práctica_1/STM32F429ZITX_FLASH.ld" --specs=nosys.specs -Wl,-Map="Práctica_1.map" -Wl,--gc-sections -static --specs=nano.specs -mfpu=fpv4-sp-d16 -mfloat-abi=hard -mthumb -Wl,--start-group -lc -lm -Wl,--end-group
/opt/st/stm32cubeide_1.7.0_2/plugins/com.st.stm32cube.ide.mcu.externaltools.gnu-tools-for-stm32.9-2020-q2-update.linux64_2.0.0.202105311346/tools/bin/../lib/gcc/arm-none-eabi/9.3.1/../../../../arm-none-eabi/bin/ld: ./Src/main.o: in function `delayInit':
/home/luis/Embebidos/ProgramacionMicrocontrolador/PdM_workspace/Práctica_1/Debug/../Src/API_delay.c:4: multiple definition of `delayInit'; ./Src/API_delay.o:/home/luis/Embebidos/ProgramacionMicrocontrolador/PdM_workspace/Práctica_1/Debug/../Src/API_delay.c:4: first defined here
/opt/st/stm32cubeide_1.7.0_2/plugins/com.st.stm32cube.ide.mcu.externaltools.gnu-tools-for-stm32.9-2020-q2-update.linux64_2.0.0.202105311346/tools/bin/../lib/gcc/arm-none-eabi/9.3.1/../../../../arm-none-eabi/bin/ld: ./Src/main.o: in function `delayRead':
/home/luis/Embebidos/ProgramacionMicrocontrolador/PdM_workspace/Práctica_1/Debug/../Src/API_delay.c:9: multiple definition of `delayRead'; ./Src/API_delay.o:/home/luis/Embebidos/ProgramacionMicrocontrolador/PdM_workspace/Práctica_1/Debug/../Src/API_delay.c:9: first defined here
/opt/st/stm32cubeide_1.7.0_2/plugins/com.st.stm32cube.ide.mcu.externaltools.gnu-tools-for-stm32.9-2020-q2-update.linux64_2.0.0.202105311346/tools/bin/../lib/gcc/arm-none-eabi/9.3.1/../../../../arm-none-eabi/bin/ld: ./Src/main.o: in function `delayWrite':
/home/luis/Embebidos/ProgramacionMicrocontrolador/PdM_workspace/Práctica_1/Debug/../Src/API_delay.c:29: multiple definition of `delayWrite'; ./Src/API_delay.o:/home/luis/Embebidos/ProgramacionMicrocontrolador/PdM_workspace/Práctica_1/Debug/../Src/API_delay.c:29: first defined here
collect2: error: ld returned 1 exit status
make: *** [makefile:70: Práctica_1.elf] Error 1
"make -j4 all" terminated with exit code 2. Build might be incomplete.
